Archive member included to satisfy reference by file (symbol)

/usr/lib/gcc/arm-none-eabi/4.8/../../../arm-none-eabi/lib/armv7e-m/softfp/libc_nano.a(lib_a-atexit.o)
                              /usr/lib/gcc/arm-none-eabi/4.8/../../../arm-none-eabi/lib/armv7e-m/softfp/rdimon-crt0.o (atexit)
/usr/lib/gcc/arm-none-eabi/4.8/../../../arm-none-eabi/lib/armv7e-m/softfp/libc_nano.a(lib_a-exit.o)
                              /usr/lib/gcc/arm-none-eabi/4.8/../../../arm-none-eabi/lib/armv7e-m/softfp/rdimon-crt0.o (exit)
/usr/lib/gcc/arm-none-eabi/4.8/../../../arm-none-eabi/lib/armv7e-m/softfp/libc_nano.a(lib_a-fini.o)
                              /usr/lib/gcc/arm-none-eabi/4.8/../../../arm-none-eabi/lib/armv7e-m/softfp/rdimon-crt0.o (__libc_fini_array)
/usr/lib/gcc/arm-none-eabi/4.8/../../../arm-none-eabi/lib/armv7e-m/softfp/libc_nano.a(lib_a-impure.o)
                              /usr/lib/gcc/arm-none-eabi/4.8/../../../arm-none-eabi/lib/armv7e-m/softfp/libc_nano.a(lib_a-exit.o) (_global_impure_ptr)
/usr/lib/gcc/arm-none-eabi/4.8/../../../arm-none-eabi/lib/armv7e-m/softfp/libc_nano.a(lib_a-init.o)
                              /usr/lib/gcc/arm-none-eabi/4.8/../../../arm-none-eabi/lib/armv7e-m/softfp/rdimon-crt0.o (__libc_init_array)
/usr/lib/gcc/arm-none-eabi/4.8/../../../arm-none-eabi/lib/armv7e-m/softfp/libc_nano.a(lib_a-memset.o)
                              /usr/lib/gcc/arm-none-eabi/4.8/../../../arm-none-eabi/lib/armv7e-m/softfp/rdimon-crt0.o (memset)
/usr/lib/gcc/arm-none-eabi/4.8/../../../arm-none-eabi/lib/armv7e-m/softfp/libc_nano.a(lib_a-printf.o)
                              build/main.o (printf)
/usr/lib/gcc/arm-none-eabi/4.8/../../../arm-none-eabi/lib/armv7e-m/softfp/libc_nano.a(lib_a-__atexit.o)
                              /usr/lib/gcc/arm-none-eabi/4.8/../../../arm-none-eabi/lib/armv7e-m/softfp/libc_nano.a(lib_a-atexit.o) (__register_exitproc)
/usr/lib/gcc/arm-none-eabi/4.8/../../../arm-none-eabi/lib/armv7e-m/softfp/libc_nano.a(lib_a-__call_atexit.o)
                              /usr/lib/gcc/arm-none-eabi/4.8/../../../arm-none-eabi/lib/armv7e-m/softfp/libc_nano.a(lib_a-__atexit.o) (__call_exitprocs)
/usr/lib/gcc/arm-none-eabi/4.8/../../../arm-none-eabi/lib/armv7e-m/softfp/libc_nano.a(lib_a-findfp.o)
                              /usr/lib/gcc/arm-none-eabi/4.8/../../../arm-none-eabi/lib/armv7e-m/softfp/libc_nano.a(lib_a-printf.o) (__sinit)
/usr/lib/gcc/arm-none-eabi/4.8/../../../arm-none-eabi/lib/armv7e-m/softfp/libc_nano.a(lib_a-fwalk.o)
                              /usr/lib/gcc/arm-none-eabi/4.8/../../../arm-none-eabi/lib/armv7e-m/softfp/libc_nano.a(lib_a-findfp.o) (_fwalk)
/usr/lib/gcc/arm-none-eabi/4.8/../../../arm-none-eabi/lib/armv7e-m/softfp/libc_nano.a(lib_a-nano-mallocr.o)
                              /usr/lib/gcc/arm-none-eabi/4.8/../../../arm-none-eabi/lib/armv7e-m/softfp/libc_nano.a(lib_a-findfp.o) (_malloc_r)
/usr/lib/gcc/arm-none-eabi/4.8/../../../arm-none-eabi/lib/armv7e-m/softfp/libc_nano.a(lib_a-nano-vfprintf.o)
                              /usr/lib/gcc/arm-none-eabi/4.8/../../../arm-none-eabi/lib/armv7e-m/softfp/libc_nano.a(lib_a-printf.o) (_vfprintf_r)
/usr/lib/gcc/arm-none-eabi/4.8/../../../arm-none-eabi/lib/armv7e-m/softfp/libc_nano.a(lib_a-sbrkr.o)
                              /usr/lib/gcc/arm-none-eabi/4.8/../../../arm-none-eabi/lib/armv7e-m/softfp/libc_nano.a(lib_a-nano-mallocr.o) (_sbrk_r)
/usr/lib/gcc/arm-none-eabi/4.8/../../../arm-none-eabi/lib/armv7e-m/softfp/libc_nano.a(lib_a-stdio.o)
                              /usr/lib/gcc/arm-none-eabi/4.8/../../../arm-none-eabi/lib/armv7e-m/softfp/libc_nano.a(lib_a-findfp.o) (__sread)
/usr/lib/gcc/arm-none-eabi/4.8/../../../arm-none-eabi/lib/armv7e-m/softfp/libc_nano.a(lib_a-wbuf.o)
                              /usr/lib/gcc/arm-none-eabi/4.8/../../../arm-none-eabi/lib/armv7e-m/softfp/libc_nano.a(lib_a-nano-vfprintf.o) (__swbuf_r)
/usr/lib/gcc/arm-none-eabi/4.8/../../../arm-none-eabi/lib/armv7e-m/softfp/libc_nano.a(lib_a-writer.o)
                              /usr/lib/gcc/arm-none-eabi/4.8/../../../arm-none-eabi/lib/armv7e-m/softfp/libc_nano.a(lib_a-stdio.o) (_write_r)
/usr/lib/gcc/arm-none-eabi/4.8/../../../arm-none-eabi/lib/armv7e-m/softfp/libc_nano.a(lib_a-wsetup.o)
                              /usr/lib/gcc/arm-none-eabi/4.8/../../../arm-none-eabi/lib/armv7e-m/softfp/libc_nano.a(lib_a-nano-vfprintf.o) (__swsetup_r)
/usr/lib/gcc/arm-none-eabi/4.8/../../../arm-none-eabi/lib/armv7e-m/softfp/libc_nano.a(lib_a-closer.o)
                              /usr/lib/gcc/arm-none-eabi/4.8/../../../arm-none-eabi/lib/armv7e-m/softfp/libc_nano.a(lib_a-stdio.o) (_close_r)
/usr/lib/gcc/arm-none-eabi/4.8/../../../arm-none-eabi/lib/armv7e-m/softfp/libc_nano.a(lib_a-fclose.o)
                              /usr/lib/gcc/arm-none-eabi/4.8/../../../arm-none-eabi/lib/armv7e-m/softfp/libc_nano.a(lib_a-findfp.o) (_fclose_r)
/usr/lib/gcc/arm-none-eabi/4.8/../../../arm-none-eabi/lib/armv7e-m/softfp/libc_nano.a(lib_a-fflush.o)
[...]
Memory Configuration

Name             Origin             Length             Attributes
FLASH            0x0000000008000000 0x0000000000200000 xr
RAM              0x0000000020000000 0x0000000000030000 xrw
CCMRAM           0x0000000010000000 0x0000000000010000 rw
*default*        0x0000000000000000 0xffffffffffffffff

Linker script and memory map

LOAD /usr/lib/gcc/arm-none-eabi/4.8/armv7e-m/softfp/crti.o
LOAD /usr/lib/gcc/arm-none-eabi/4.8/armv7e-m/softfp/crtbegin.o
LOAD /usr/lib/gcc/arm-none-eabi/4.8/../../../arm-none-eabi/lib/armv7e-m/softfp/rdimon-crt0.o
LOAD build/stm32f429i_discovery.o
LOAD build/stm32f4xx_hal.o
LOAD build/stm32f4xx_hal_cortex.o
LOAD build/stm32f4xx_hal_dma.o
LOAD build/stm32f4xx_hal_flash.o
LOAD build/stm32f4xx_hal_flash_ex.o
LOAD build/stm32f4xx_hal_gpio.o
LOAD build/stm32f4xx_hal_i2c.o
LOAD build/stm32f4xx_hal_i2c_ex.o
LOAD build/stm32f4xx_hal_pwr.o
LOAD build/stm32f4xx_hal_pwr_ex.o
LOAD build/stm32f4xx_hal_rcc.o
LOAD build/stm32f4xx_hal_rcc_ex.o
LOAD build/stm32f4xx_hal_spi.o
LOAD build/stm32f4xx_hal_uart.o
LOAD build/main.o
LOAD build/stm32f4xx_hal_msp.o
LOAD build/stm32f4xx_it.o
LOAD build/system_stm32f4xx.o
LOAD build/startup_stm32f429xx.o
LOAD /usr/lib/gcc/arm-none-eabi/4.8/../../../arm-none-eabi/lib/armv7e-m/softfp/libc_nano.a
LOAD /usr/lib/gcc/arm-none-eabi/4.8/../../../arm-none-eabi/lib/armv7e-m/softfp/librdimon_nano.a
LOAD /usr/lib/gcc/arm-none-eabi/4.8/../../../arm-none-eabi/lib/armv7e-m/softfp/libc_nano.a
LOAD /usr/lib/gcc/arm-none-eabi/4.8/../../../arm-none-eabi/lib/armv7e-m/softfp/libm.a
LOAD /usr/lib/gcc/arm-none-eabi/4.8/../../../arm-none-eabi/lib/armv7e-m/softfp/libnosys.a
START GROUP
LOAD /usr/lib/gcc/arm-none-eabi/4.8/armv7e-m/softfp/libgcc.a
LOAD /usr/lib/gcc/arm-none-eabi/4.8/../../../arm-none-eabi/lib/armv7e-m/softfp/libc_nano.a
END GROUP
START GROUP
LOAD /usr/lib/gcc/arm-none-eabi/4.8/armv7e-m/softfp/libgcc.a
LOAD /usr/lib/gcc/arm-none-eabi/4.8/../../../arm-none-eabi/lib/armv7e-m/softfp/libc_nano.a
LOAD /usr/lib/gcc/arm-none-eabi/4.8/../../../arm-none-eabi/lib/armv7e-m/softfp/libnosys.a
END GROUP
START GROUP
LOAD /usr/lib/gcc/arm-none-eabi/4.8/armv7e-m/softfp/libgcc.a
LOAD /usr/lib/gcc/arm-none-eabi/4.8/../../../arm-none-eabi/lib/armv7e-m/softfp/libc_nano.a
LOAD /usr/lib/gcc/arm-none-eabi/4.8/../../../arm-none-eabi/lib/armv7e-m/softfp/librdimon_nano.a
LOAD /usr/lib/gcc/arm-none-eabi/4.8/../../../arm-none-eabi/lib/armv7e-m/softfp/libnosys.a
END GROUP
START GROUP
LOAD /usr/lib/gcc/arm-none-eabi/4.8/armv7e-m/softfp/libgcc.a
LOAD /usr/lib/gcc/arm-none-eabi/4.8/../../../arm-none-eabi/lib/armv7e-m/softfp/libc_nano.a
LOAD /usr/lib/gcc/arm-none-eabi/4.8/../../../arm-none-eabi/lib/armv7e-m/softfp/librdimon_nano.a
END GROUP
LOAD /usr/lib/gcc/arm-none-eabi/4.8/armv7e-m/softfp/crtend.o
LOAD /usr/lib/gcc/arm-none-eabi/4.8/armv7e-m/softfp/crtn.o
                0x000000002002ffff                _estack = 0x2002ffff
                0x0000000000000200                _Min_Heap_Size = 0x200
                0x0000000000000400                _Min_Stack_Size = 0x400

.isr_vector     0x0000000008000000      0x1ac
                0x0000000008000000                . = ALIGN (0x4)
 *(.isr_vector)
 .isr_vector    0x0000000008000000      0x1ac build/startup_stm32f429xx.o
                0x0000000008000000                g_pfnVectors
                0x00000000080001ac                . = ALIGN (0x4)

.text           0x00000000080001ac     0x3cbc
                0x00000000080001ac                . = ALIGN (0x4)
 *(.text)
 .text          0x00000000080001ac       0xac /usr/lib/gcc/arm-none-eabi/4.8/armv7e-m/softfp/crtbegin.o
 *(.text*)
 .text.BSP_LED_Init
                0x0000000008000258       0xa0 build/stm32f429i_discovery.o
                0x0000000008000258                BSP_LED_Init
 .text.BSP_LED_On
                0x00000000080002f8       0x34 build/stm32f429i_discovery.o
                0x00000000080002f8                BSP_LED_On
 .text.BSP_LED_Toggle
                0x000000000800032c       0x30 build/stm32f429i_discovery.o
                0x000000000800032c                BSP_LED_Toggle
 .text.HAL_Init
                0x000000000800035c       0x44 build/stm32f4xx_hal.o
                0x000000000800035c                HAL_Init
 .text.HAL_MspInit
                0x00000000080003a0        0xc build/stm32f4xx_hal.o
                0x00000000080003a0                HAL_MspInit
 .text.HAL_InitTick
                0x00000000080003ac       0x38 build/stm32f4xx_hal.o
                0x00000000080003ac                HAL_InitTick
 .text.HAL_IncTick
                0x00000000080003e4       0x1c build/stm32f4xx_hal.o
                0x00000000080003e4                HAL_IncTick
 .text.HAL_GetTick
                0x0000000008000400       0x18 build/stm32f4xx_hal.o
                0x0000000008000400                HAL_GetTick
 .text.NVIC_SetPriorityGrouping
                0x0000000008000418       0x48 build/stm32f4xx_hal_cortex.o
 .text.NVIC_GetPriorityGrouping
                0x0000000008000460       0x1c build/stm32f4xx_hal_cortex.o
 .text.NVIC_EnableIRQ
                0x000000000800047c       0x30 build/stm32f4xx_hal_cortex.o
 .text.NVIC_SetPriority
                0x00000000080004ac       0x54 build/stm32f4xx_hal_cortex.o
 .text.NVIC_EncodePriority
                0x0000000008000500       0x64 build/stm32f4xx_hal_cortex.o
 .text.SysTick_Config
                0x0000000008000564       0x44 build/stm32f4xx_hal_cortex.o
 .text.HAL_NVIC_SetPriorityGrouping
                0x00000000080005a8       0x14 build/stm32f4xx_hal_cortex.o
                0x00000000080005a8                HAL_NVIC_SetPriorityGrouping
 .text.HAL_NVIC_SetPriority
                0x00000000080005bc       0x38 build/stm32f4xx_hal_cortex.o
                0x00000000080005bc                HAL_NVIC_SetPriority
 .text.HAL_NVIC_EnableIRQ
                0x00000000080005f4       0x1c build/stm32f4xx_hal_cortex.o
                0x00000000080005f4                HAL_NVIC_EnableIRQ
 .text.HAL_SYSTICK_Config
                0x0000000008000610       0x18 build/stm32f4xx_hal_cortex.o
                0x0000000008000610                HAL_SYSTICK_Config
 .text.HAL_DMA_Init
                0x0000000008000628       0xd8 build/stm32f4xx_hal_dma.o
                0x0000000008000628                HAL_DMA_Init
 .text.HAL_DMA_Start_IT
                0x0000000008000700       0x84 build/stm32f4xx_hal_dma.o
                0x0000000008000700                HAL_DMA_Start_IT
 .text.HAL_DMA_IRQHandler
                0x0000000008000784      0x2d8 build/stm32f4xx_hal_dma.o
                0x0000000008000784                HAL_DMA_IRQHandler
 .text.DMA_SetConfig
                0x0000000008000a5c       0x5c build/stm32f4xx_hal_dma.o
 .text.DMA_CalcBaseAndBitshift
                0x0000000008000ab8       0x6c build/stm32f4xx_hal_dma.o
 .text.HAL_GPIO_Init
                0x0000000008000b24      0x350 build/stm32f4xx_hal_gpio.o
                0x0000000008000b24                HAL_GPIO_Init
 .text.HAL_GPIO_WritePin
                0x0000000008000e74       0x30 build/stm32f4xx_hal_gpio.o
                0x0000000008000e74                HAL_GPIO_WritePin
 .text.HAL_GPIO_TogglePin
                0x0000000008000ea4       0x24 build/stm32f4xx_hal_gpio.o
                0x0000000008000ea4                HAL_GPIO_TogglePin
 .text.HAL_I2C_Init
                0x0000000008000ec8      0x1b4 build/stm32f4xx_hal_i2c.o
                0x0000000008000ec8                HAL_I2C_Init
 .text.HAL_I2C_Master_Transmit_DMA
                0x000000000800107c      0x124 build/stm32f4xx_hal_i2c.o
                0x000000000800107c                HAL_I2C_Master_Transmit_DMA
 .text.HAL_I2C_Master_Receive_DMA
                0x00000000080011a0      0x150 build/stm32f4xx_hal_i2c.o
                0x00000000080011a0                HAL_I2C_Master_Receive_DMA
 .text.HAL_I2C_GetState
                0x00000000080012f0       0x1c build/stm32f4xx_hal_i2c.o
                0x00000000080012f0                HAL_I2C_GetState
 .text.HAL_I2C_GetError
                0x000000000800130c       0x18 build/stm32f4xx_hal_i2c.o
                0x000000000800130c                HAL_I2C_GetError
 .text.I2C_MasterRequestWrite
                0x0000000008001324       0xc4 build/stm32f4xx_hal_i2c.o
 .text.I2C_MasterRequestRead
                0x00000000080013e8      0x144 build/stm32f4xx_hal_i2c.o
 .text.I2C_DMAMasterTransmitCplt
                0x000000000800152c       0x7c build/stm32f4xx_hal_i2c.o
 .text.I2C_DMAMasterReceiveCplt
                0x00000000080015a8       0x78 build/stm32f4xx_hal_i2c.o
 .text.I2C_DMAError
                0x0000000008001620       0x44 build/stm32f4xx_hal_i2c.o
 .text.I2C_WaitOnFlagUntilTimeout
                0x0000000008001664      0x114 build/stm32f4xx_hal_i2c.o
 .text.I2C_WaitOnMasterAddressFlagUntilTimeout
                0x0000000008001778       0xd8 build/stm32f4xx_hal_i2c.o
 .text.HAL_PWREx_EnableOverDrive
                0x0000000008001850       0xc8 build/stm32f4xx_hal_pwr_ex.o
                0x0000000008001850                HAL_PWREx_EnableOverDrive
 .text.HAL_RCC_OscConfig
                0x0000000008001918      0x48c build/stm32f4xx_hal_rcc.o
                0x0000000008001918                HAL_RCC_OscConfig
 .text.HAL_RCC_ClockConfig
                0x0000000008001da4      0x31c build/stm32f4xx_hal_rcc.o
                0x0000000008001da4                HAL_RCC_ClockConfig
 .text.HAL_RCC_GetSysClockFreq
                0x00000000080020c0       0xfc build/stm32f4xx_hal_rcc.o
                0x00000000080020c0                HAL_RCC_GetSysClockFreq
 .text.HAL_RCC_GetHCLKFreq
                0x00000000080021bc       0x4c build/stm32f4xx_hal_rcc.o
                0x00000000080021bc                HAL_RCC_GetHCLKFreq
 .text.HAL_RCC_GetPCLK1Freq
                0x0000000008002208       0x44 build/stm32f4xx_hal_rcc.o
                0x0000000008002208                HAL_RCC_GetPCLK1Freq
 .text.HAL_UART_IRQHandler
                0x000000000800224c      0x1f8 build/stm32f4xx_hal_uart.o
                0x000000000800224c                HAL_UART_IRQHandler
 .text.HAL_UART_TxCpltCallback
                0x0000000008002444       0x14 build/stm32f4xx_hal_uart.o
                0x0000000008002444                HAL_UART_TxCpltCallback
 .text.HAL_UART_RxCpltCallback
                0x0000000008002458       0x14 build/stm32f4xx_hal_uart.o
                0x0000000008002458                HAL_UART_RxCpltCallback
 .text.HAL_UART_ErrorCallback
                0x000000000800246c       0x14 build/stm32f4xx_hal_uart.o
                0x000000000800246c                HAL_UART_ErrorCallback
 .text.UART_Transmit_IT
                0x0000000008002480       0xb8 build/stm32f4xx_hal_uart.o
 .text.UART_EndTransmit_IT
                0x0000000008002538       0x68 build/stm32f4xx_hal_uart.o
 .text.UART_Receive_IT
                0x00000000080025a0      0x128 build/stm32f4xx_hal_uart.o
 .text.main     0x00000000080026c8      0x13c build/main.o
                0x00000000080026c8                main
 .text.writeTo  0x0000000008002804       0x5c build/main.o
 .text.readFrom
                0x0000000008002860       0x8c build/main.o
 .text.Error_Handler
                0x00000000080028ec        0xc build/main.o
 .text.SystemClock_Config
                0x00000000080028f8       0x9c build/main.o
 .text.HAL_I2C_MasterTxCpltCallback
                0x0000000008002994       0x14 build/main.o
                0x0000000008002994                HAL_I2C_MasterTxCpltCallback
 .text.HAL_I2C_MasterRxCpltCallback
                0x00000000080029a8       0x14 build/main.o
                0x00000000080029a8                HAL_I2C_MasterRxCpltCallback
 .text.HAL_I2C_ErrorCallback
                0x00000000080029bc       0x14 build/main.o
                0x00000000080029bc                HAL_I2C_ErrorCallback
 .text.HAL_I2C_MspInit
                0x00000000080029d0      0x1b4 build/stm32f4xx_hal_msp.o
                0x00000000080029d0                HAL_I2C_MspInit
 .text.NMI_Handler
                0x0000000008002b84        0xc build/stm32f4xx_it.o
                0x0000000008002b84                NMI_Handler
 .text.HardFault_Handler
                0x0000000008002b90        0x8 build/stm32f4xx_it.o
                0x0000000008002b90                HardFault_Handler
 .text.MemManage_Handler
                0x0000000008002b98        0x8 build/stm32f4xx_it.o
                0x0000000008002b98                MemManage_Handler
 .text.BusFault_Handler
                0x0000000008002ba0        0x8 build/stm32f4xx_it.o
                0x0000000008002ba0                BusFault_Handler
 .text.UsageFault_Handler
                0x0000000008002ba8        0x8 build/stm32f4xx_it.o
                0x0000000008002ba8                UsageFault_Handler
 .text.SVC_Handler
                0x0000000008002bb0        0xc build/stm32f4xx_it.o
                0x0000000008002bb0                SVC_Handler
 .text.DebugMon_Handler
                0x0000000008002bbc        0xc build/stm32f4xx_it.o
                0x0000000008002bbc                DebugMon_Handler
 .text.PendSV_Handler
                0x0000000008002bc8        0xc build/stm32f4xx_it.o
                0x0000000008002bc8                PendSV_Handler
 .text.SysTick_Handler
                0x0000000008002bd4        0xc build/stm32f4xx_it.o
                0x0000000008002bd4                SysTick_Handler
 .text.DMA2_Stream5_IRQHandler
                0x0000000008002be0       0x14 build/stm32f4xx_it.o
                0x0000000008002be0                DMA2_Stream5_IRQHandler
 .text.DMA2_Stream7_IRQHandler
                0x0000000008002bf4       0x14 build/stm32f4xx_it.o
                0x0000000008002bf4                DMA2_Stream7_IRQHandler
 .text.USART1_IRQHandler
                0x0000000008002c08       0x10 build/stm32f4xx_it.o
                0x0000000008002c08                USART1_IRQHandler
 .text.DMA1_Stream2_IRQHandler
                0x0000000008002c18       0x14 build/stm32f4xx_it.o
                0x0000000008002c18                DMA1_Stream2_IRQHandler
 .text.DMA1_Stream4_IRQHandler
                0x0000000008002c2c       0x14 build/stm32f4xx_it.o
                0x0000000008002c2c                DMA1_Stream4_IRQHandler
 .text.SystemInit
                0x0000000008002c40       0x6c build/system_stm32f4xx.o
                0x0000000008002c40                SystemInit
 .text.Reset_Handler
                0x0000000008002cac       0x50 build/startup_stm32f429xx.o
                0x0000000008002cac                Reset_Handler
 .text.Default_Handler
                0x0000000008002cfc        0x2 build/startup_stm32f429xx.o
                0x0000000008002cfc                RTC_Alarm_IRQHandler
                0x0000000008002cfc                HASH_RNG_IRQHandler
                0x0000000008002cfc                EXTI2_IRQHandler
                0x0000000008002cfc                TIM8_CC_IRQHandler
                0x0000000008002cfc                UART8_IRQHandler
                0x0000000008002cfc                SPI4_IRQHandler
                0x0000000008002cfc                TIM1_CC_IRQHandler
                0x0000000008002cfc                DMA1_Stream5_IRQHandler
                0x0000000008002cfc                PVD_IRQHandler
                0x0000000008002cfc                SDIO_IRQHandler
                0x0000000008002cfc                TAMP_STAMP_IRQHandler
                0x0000000008002cfc                CAN2_RX1_IRQHandler
                0x0000000008002cfc                EXTI3_IRQHandler
                0x0000000008002cfc                TIM8_TRG_COM_TIM14_IRQHandler
                0x0000000008002cfc                TIM1_UP_TIM10_IRQHandler
                0x0000000008002cfc                TIM8_UP_TIM13_IRQHandler
                0x0000000008002cfc                I2C3_ER_IRQHandler
                0x0000000008002cfc                EXTI0_IRQHandler
                0x0000000008002cfc                I2C2_EV_IRQHandler
                0x0000000008002cfc                CAN1_RX0_IRQHandler
                0x0000000008002cfc                FPU_IRQHandler
                0x0000000008002cfc                OTG_HS_WKUP_IRQHandler
                0x0000000008002cfc                LTDC_ER_IRQHandler
                0x0000000008002cfc                CAN2_SCE_IRQHandler
                0x0000000008002cfc                DMA2_Stream2_IRQHandler
                0x0000000008002cfc                SPI1_IRQHandler
                0x0000000008002cfc                TIM6_DAC_IRQHandler
                0x0000000008002cfc                TIM1_BRK_TIM9_IRQHandler
                0x0000000008002cfc                DCMI_IRQHandler
                0x0000000008002cfc                CAN2_RX0_IRQHandler
                0x0000000008002cfc                DMA2_Stream3_IRQHandler
                0x0000000008002cfc                USART6_IRQHandler
                0x0000000008002cfc                USART3_IRQHandler
                0x0000000008002cfc                CAN1_RX1_IRQHandler
                0x0000000008002cfc                UART5_IRQHandler
                0x0000000008002cfc                DMA2_Stream0_IRQHandler
                0x0000000008002cfc                TIM4_IRQHandler
                0x0000000008002cfc                I2C1_EV_IRQHandler
                0x0000000008002cfc                DMA1_Stream6_IRQHandler
                0x0000000008002cfc                DMA1_Stream1_IRQHandler
                0x0000000008002cfc                UART4_IRQHandler
                0x0000000008002cfc                TIM3_IRQHandler
                0x0000000008002cfc                RCC_IRQHandler
                0x0000000008002cfc                TIM8_BRK_TIM12_IRQHandler
                0x0000000008002cfc                Default_Handler
                0x0000000008002cfc                EXTI15_10_IRQHandler
                0x0000000008002cfc                ADC_IRQHandler
                0x0000000008002cfc                DMA1_Stream7_IRQHandler
                0x0000000008002cfc                SPI5_IRQHandler
                0x0000000008002cfc                TIM7_IRQHandler
                0x0000000008002cfc                CAN2_TX_IRQHandler
                0x0000000008002cfc                TIM5_IRQHandler
                0x0000000008002cfc                I2C3_EV_IRQHandler
                0x0000000008002cfc                EXTI9_5_IRQHandler
                0x0000000008002cfc                RTC_WKUP_IRQHandler
                0x0000000008002cfc                LTDC_IRQHandler
                0x0000000008002cfc                ETH_WKUP_IRQHandler
                0x0000000008002cfc                SPI2_IRQHandler
                0x0000000008002cfc                OTG_HS_EP1_IN_IRQHandler
                0x0000000008002cfc                DMA1_Stream0_IRQHandler
                0x0000000008002cfc                CAN1_TX_IRQHandler
                0x0000000008002cfc                EXTI4_IRQHandler
                0x0000000008002cfc                ETH_IRQHandler
                0x0000000008002cfc                OTG_HS_EP1_OUT_IRQHandler
                0x0000000008002cfc                WWDG_IRQHandler
                0x0000000008002cfc                SPI6_IRQHandler
                0x0000000008002cfc                TIM2_IRQHandler
                0x0000000008002cfc                OTG_FS_WKUP_IRQHandler
                0x0000000008002cfc                TIM1_TRG_COM_TIM11_IRQHandler
                0x0000000008002cfc                OTG_HS_IRQHandler
                0x0000000008002cfc                DMA2D_IRQHandler
                0x0000000008002cfc                EXTI1_IRQHandler
                0x0000000008002cfc                UART7_IRQHandler
                0x0000000008002cfc                USART2_IRQHandler
                0x0000000008002cfc                I2C2_ER_IRQHandler
                0x0000000008002cfc                DMA2_Stream1_IRQHandler
                0x0000000008002cfc                CAN1_SCE_IRQHandler
                0x0000000008002cfc                FLASH_IRQHandler
                0x0000000008002cfc                DMA2_Stream4_IRQHandler
                0x0000000008002cfc                OTG_FS_IRQHandler
                0x0000000008002cfc                SPI3_IRQHandler
                0x0000000008002cfc                I2C1_ER_IRQHandler
                0x0000000008002cfc                FMC_IRQHandler
                0x0000000008002cfc                DMA2_Stream6_IRQHandler
                0x0000000008002cfc                SAI1_IRQHandler
                0x0000000008002cfc                DMA1_Stream3_IRQHandler
 *fill*         0x0000000008002cfe        0x2 
 .text.__libc_init_array
                0x0000000008002d00       0x4c /usr/lib/gcc/arm-none-eabi/4.8/../../../arm-none-eabi/lib/armv7e-m/softfp/libc_nano.a(lib_a-init.o)
                0x0000000008002d00                __libc_init_array
 .text.memset   0x0000000008002d4c       0x10 /usr/lib/gcc/arm-none-eabi/4.8/../../../arm-none-eabi/lib/armv7e-m/softfp/libc_nano.a(lib_a-memset.o)
                0x0000000008002d4c                memset
 .text.printf   0x0000000008002d5c       0x30 /usr/lib/gcc/arm-none-eabi/4.8/../../../arm-none-eabi/lib/armv7e-m/softfp/libc_nano.a(lib_a-printf.o)
                0x0000000008002d5c                printf
                0x0000000008002d5c                iprintf
 .text._cleanup_r
                0x0000000008002d8c        0xc /usr/lib/gcc/arm-none-eabi/4.8/../../../arm-none-eabi/lib/armv7e-m/softfp/libc_nano.a(lib_a-findfp.o)
                0x0000000008002d8c                _cleanup_r
 .text.std.isra.0
                0x0000000008002d98       0x48 /usr/lib/gcc/arm-none-eabi/4.8/../../../arm-none-eabi/lib/armv7e-m/softfp/libc_nano.a(lib_a-findfp.o)
 .text.__sfmoreglue
                0x0000000008002de0       0x2c /usr/lib/gcc/arm-none-eabi/4.8/../../../arm-none-eabi/lib/armv7e-m/softfp/libc_nano.a(lib_a-findfp.o)
                0x0000000008002de0                __sfmoreglue
 .text.__sinit  0x0000000008002e0c       0x60 /usr/lib/gcc/arm-none-eabi/4.8/../../../arm-none-eabi/lib/armv7e-m/softfp/libc_nano.a(lib_a-findfp.o)
                0x0000000008002e0c                __sinit
 .text.__sfp    0x0000000008002e6c       0x74 /usr/lib/gcc/arm-none-eabi/4.8/../../../arm-none-eabi/lib/armv7e-m/softfp/libc_nano.a(lib_a-findfp.o)
                0x0000000008002e6c                __sfp
 .text.__sfp_lock_acquire
                0x0000000008002ee0        0x2 /usr/lib/gcc/arm-none-eabi/4.8/../../../arm-none-eabi/lib/armv7e-m/softfp/libc_nano.a(lib_a-findfp.o)
                0x0000000008002ee0                __sfp_lock_acquire
 .text.__sfp_lock_release
                0x0000000008002ee2        0x2 /usr/lib/gcc/arm-none-eabi/4.8/../../../arm-none-eabi/lib/armv7e-m/softfp/libc_nano.a(lib_a-findfp.o)
                0x0000000008002ee2                __sfp_lock_release
 .text._fwalk_reent
                0x0000000008002ee4       0x3c /usr/lib/gcc/arm-none-eabi/4.8/../../../arm-none-eabi/lib/armv7e-m/softfp/libc_nano.a(lib_a-fwalk.o)
                0x0000000008002ee4                _fwalk_reent
 .text._malloc_r
                0x0000000008002f20       0xac /usr/lib/gcc/arm-none-eabi/4.8/../../../arm-none-eabi/lib/armv7e-m/softfp/libc_nano.a(lib_a-nano-mallocr.o)
                0x0000000008002f20                _malloc_r
 .text.__sfputc_r
                0x0000000008002fcc       0x2c /usr/lib/gcc/arm-none-eabi/4.8/../../../arm-none-eabi/lib/armv7e-m/softfp/libc_nano.a(lib_a-nano-vfprintf.o)
 .text.__sfputs_r
                0x0000000008002ff8       0x24 /usr/lib/gcc/arm-none-eabi/4.8/../../../arm-none-eabi/lib/armv7e-m/softfp/libc_nano.a(lib_a-nano-vfprintf.o)
                0x0000000008002ff8                __sfputs_r
 .text._vfprintf_r
                0x000000000800301c      0x208 /usr/lib/gcc/arm-none-eabi/4.8/../../../arm-none-eabi/lib/armv7e-m/softfp/libc_nano.a(lib_a-nano-vfprintf.o)
                0x000000000800301c                _vfiprintf_r
                0x000000000800301c                _vfprintf_r
 .text._sbrk_r  0x0000000008003224       0x20 /usr/lib/gcc/arm-none-eabi/4.8/../../../arm-none-eabi/lib/armv7e-m/softfp/libc_nano.a(lib_a-sbrkr.o)
                0x0000000008003224                _sbrk_r
 .text.__sread  0x0000000008003244       0x22 /usr/lib/gcc/arm-none-eabi/4.8/../../../arm-none-eabi/lib/armv7e-m/softfp/libc_nano.a(lib_a-stdio.o)
                0x0000000008003244                __sread
 .text.__swrite
                0x0000000008003266       0x38 /usr/lib/gcc/arm-none-eabi/4.8/../../../arm-none-eabi/lib/armv7e-m/softfp/libc_nano.a(lib_a-stdio.o)
                0x0000000008003266                __swrite
 .text.__sseek  0x000000000800329e       0x24 /usr/lib/gcc/arm-none-eabi/4.8/../../../arm-none-eabi/lib/armv7e-m/softfp/libc_nano.a(lib_a-stdio.o)
                0x000000000800329e                __sseek
 .text.__sclose
                0x00000000080032c2        0x8 /usr/lib/gcc/arm-none-eabi/4.8/../../../arm-none-eabi/lib/armv7e-m/softfp/libc_nano.a(lib_a-stdio.o)
                0x00000000080032c2                __sclose
 *fill*         0x00000000080032ca        0x2 
 .text.__swbuf_r
                0x00000000080032cc       0xa8 /usr/lib/gcc/arm-none-eabi/4.8/../../../arm-none-eabi/lib/armv7e-m/softfp/libc_nano.a(lib_a-wbuf.o)
                0x00000000080032cc                __swbuf_r
 .text._write_r
                0x0000000008003374       0x24 /usr/lib/gcc/arm-none-eabi/4.8/../../../arm-none-eabi/lib/armv7e-m/softfp/libc_nano.a(lib_a-writer.o)
                0x0000000008003374                _write_r
 .text.__swsetup_r
                0x0000000008003398       0xdc /usr/lib/gcc/arm-none-eabi/4.8/../../../arm-none-eabi/lib/armv7e-m/softfp/libc_nano.a(lib_a-wsetup.o)
                0x0000000008003398                __swsetup_r
 .text._close_r
                0x0000000008003474       0x20 /usr/lib/gcc/arm-none-eabi/4.8/../../../arm-none-eabi/lib/armv7e-m/softfp/libc_nano.a(lib_a-closer.o)
                0x0000000008003474                _close_r
 .text._fclose_r
                0x0000000008003494       0xa4 /usr/lib/gcc/arm-none-eabi/4.8/../../../arm-none-eabi/lib/armv7e-m/softfp/libc_nano.a(lib_a-fclose.o)
                0x0000000008003494                _fclose_r
 .text.__sflush_r
                0x0000000008003538      0x106 /usr/lib/gcc/arm-none-eabi/4.8/../../../arm-none-eabi/lib/armv7e-m/softfp/libc_nano.a(lib_a-fflush.o)
                0x0000000008003538                __sflush_r
 *fill*         0x000000000800363e        0x2 
 .text._fflush_r
                0x0000000008003640       0x54 /usr/lib/gcc/arm-none-eabi/4.8/../../../arm-none-eabi/lib/armv7e-m/softfp/libc_nano.a(lib_a-fflush.o)
                0x0000000008003640                _fflush_r
 .text._lseek_r
                0x0000000008003694       0x24 /usr/lib/gcc/arm-none-eabi/4.8/../../../arm-none-eabi/lib/armv7e-m/softfp/libc_nano.a(lib_a-lseekr.o)
                0x0000000008003694                _lseek_r
 .text.__smakebuf_r
                0x00000000080036b8       0x9c /usr/lib/gcc/arm-none-eabi/4.8/../../../arm-none-eabi/lib/armv7e-m/softfp/libc_nano.a(lib_a-makebuf.o)
                0x00000000080036b8                __smakebuf_r
 .text.memchr   0x0000000008003754       0x1e /usr/lib/gcc/arm-none-eabi/4.8/../../../arm-none-eabi/lib/armv7e-m/softfp/libc_nano.a(lib_a-memchr-stub.o)
                0x0000000008003754                memchr
 *fill*         0x0000000008003772        0x2 
 .text._free_r  0x0000000008003774       0x88 /usr/lib/gcc/arm-none-eabi/4.8/../../../arm-none-eabi/lib/armv7e-m/softfp/libc_nano.a(lib_a-nano-freer.o)
                0x0000000008003774                _free_r
 .text._printf_common
                0x00000000080037fc       0xe4 /usr/lib/gcc/arm-none-eabi/4.8/../../../arm-none-eabi/lib/armv7e-m/softfp/libc_nano.a(lib_a-nano-vfprintf_i.o)
                0x00000000080037fc                _printf_common
 .text._printf_i
                0x00000000080038e0      0x22c /usr/lib/gcc/arm-none-eabi/4.8/../../../arm-none-eabi/lib/armv7e-m/softfp/libc_nano.a(lib_a-nano-vfprintf_i.o)
                0x00000000080038e0                _printf_i
 .text._read_r  0x0000000008003b0c       0x24 /usr/lib/gcc/arm-none-eabi/4.8/../../../arm-none-eabi/lib/armv7e-m/softfp/libc_nano.a(lib_a-readr.o)
                0x0000000008003b0c                _read_r
 .text.strlen   0x0000000008003b30       0x10 /usr/lib/gcc/arm-none-eabi/4.8/../../../arm-none-eabi/lib/armv7e-m/softfp/libc_nano.a(lib_a-strlen.o)
                0x0000000008003b30                strlen
 .text._fstat_r
                0x0000000008003b40       0x24 /usr/lib/gcc/arm-none-eabi/4.8/../../../arm-none-eabi/lib/armv7e-m/softfp/libc_nano.a(lib_a-fstatr.o)
                0x0000000008003b40                _fstat_r
 .text._isatty_r
                0x0000000008003b64       0x20 /usr/lib/gcc/arm-none-eabi/4.8/../../../arm-none-eabi/lib/armv7e-m/softfp/libc_nano.a(lib_a-isattyr.o)
                0x0000000008003b64                _isatty_r
 .text.findslot
                0x0000000008003b84       0x34 /usr/lib/gcc/arm-none-eabi/4.8/../../../arm-none-eabi/lib/armv7e-m/softfp/librdimon_nano.a(rdimon-syscalls.o)
 .text.error    0x0000000008003bb8       0x1c /usr/lib/gcc/arm-none-eabi/4.8/../../../arm-none-eabi/lib/armv7e-m/softfp/librdimon_nano.a(rdimon-syscalls.o)
 .text.checkerror
                0x0000000008003bd4        0xa /usr/lib/gcc/arm-none-eabi/4.8/../../../arm-none-eabi/lib/armv7e-m/softfp/librdimon_nano.a(rdimon-syscalls.o)
 .text._swiread
                0x0000000008003bde       0x20 /usr/lib/gcc/arm-none-eabi/4.8/../../../arm-none-eabi/lib/armv7e-m/softfp/librdimon_nano.a(rdimon-syscalls.o)
                0x0000000008003bde                _swiread
 .text._read    0x0000000008003bfe       0x34 /usr/lib/gcc/arm-none-eabi/4.8/../../../arm-none-eabi/lib/armv7e-m/softfp/librdimon_nano.a(rdimon-syscalls.o)
                0x0000000008003bfe                _read
 .text._swilseek
                0x0000000008003c32       0x7c /usr/lib/gcc/arm-none-eabi/4.8/../../../arm-none-eabi/lib/armv7e-m/softfp/librdimon_nano.a(rdimon-syscalls.o)
                0x0000000008003c32                _swilseek
 .text._lseek   0x0000000008003cae        0x4 /usr/lib/gcc/arm-none-eabi/4.8/../../../arm-none-eabi/lib/armv7e-m/softfp/librdimon_nano.a(rdimon-syscalls.o)
                0x0000000008003cae                _lseek
 .text._swiwrite
                0x0000000008003cb2       0x20 /usr/lib/gcc/arm-none-eabi/4.8/../../../arm-none-eabi/lib/armv7e-m/softfp/librdimon_nano.a(rdimon-syscalls.o)
                0x0000000008003cb2                _swiwrite
 .text._write   0x0000000008003cd2       0x42 /usr/lib/gcc/arm-none-eabi/4.8/../../../arm-none-eabi/lib/armv7e-m/softfp/librdimon_nano.a(rdimon-syscalls.o)
                0x0000000008003cd2                _write
 .text._swiclose
                0x0000000008003d14       0x1c /usr/lib/gcc/arm-none-eabi/4.8/../../../arm-none-eabi/lib/armv7e-m/softfp/librdimon_nano.a(rdimon-syscalls.o)
                0x0000000008003d14                _swiclose
 .text._close   0x0000000008003d30       0x48 /usr/lib/gcc/arm-none-eabi/4.8/../../../arm-none-eabi/lib/armv7e-m/softfp/librdimon_nano.a(rdimon-syscalls.o)
                0x0000000008003d30                _close
 .text._sbrk    0x0000000008003d78       0x34 /usr/lib/gcc/arm-none-eabi/4.8/../../../arm-none-eabi/lib/armv7e-m/softfp/librdimon_nano.a(rdimon-syscalls.o)
                0x0000000008003d78                _sbrk
 .text._swistat
                0x0000000008003dac       0x42 /usr/lib/gcc/arm-none-eabi/4.8/../../../arm-none-eabi/lib/armv7e-m/softfp/librdimon_nano.a(rdimon-syscalls.o)
                0x0000000008003dac                _swistat
 .text._fstat   0x0000000008003dee       0x1c /usr/lib/gcc/arm-none-eabi/4.8/../../../arm-none-eabi/lib/armv7e-m/softfp/librdimon_nano.a(rdimon-syscalls.o)
                0x0000000008003dee                _fstat
 .text._isatty  0x0000000008003e0a       0x38 /usr/lib/gcc/arm-none-eabi/4.8/../../../arm-none-eabi/lib/armv7e-m/softfp/librdimon_nano.a(rdimon-syscalls.o)
                0x0000000008003e0a                _isatty
 *fill*         0x0000000008003e42        0x2 
 .text.__errno  0x0000000008003e44        0xc /usr/lib/gcc/arm-none-eabi/4.8/../../../arm-none-eabi/lib/armv7e-m/softfp/libc_nano.a(lib_a-errno.o)
                0x0000000008003e44                __errno
 *(.glue_7)
 .glue_7        0x0000000008003e50        0x0 linker stubs
 *(.glue_7t)
 .glue_7t       0x0000000008003e50        0x0 linker stubs
 *(.eh_frame)
 .eh_frame      0x0000000008003e50        0x0 /usr/lib/gcc/arm-none-eabi/4.8/armv7e-m/softfp/crtbegin.o
 *(.init)
 .init          0x0000000008003e50        0x4 /usr/lib/gcc/arm-none-eabi/4.8/armv7e-m/softfp/crti.o
                0x0000000008003e50                _init
 .init          0x0000000008003e54        0x8 /usr/lib/gcc/arm-none-eabi/4.8/armv7e-m/softfp/crtn.o
 *(.fini)
 .fini          0x0000000008003e5c        0x4 /usr/lib/gcc/arm-none-eabi/4.8/armv7e-m/softfp/crti.o
                0x0000000008003e5c                _fini
 .fini          0x0000000008003e60        0x8 /usr/lib/gcc/arm-none-eabi/4.8/armv7e-m/softfp/crtn.o
                0x0000000008003e68                . = ALIGN (0x4)
                0x0000000008003e68                _etext = .

.vfp11_veneer   0x0000000008003e68        0x0
 .vfp11_veneer  0x0000000008003e68        0x0 linker stubs

.v4_bx          0x0000000008003e68        0x0
 .v4_bx         0x0000000008003e68        0x0 linker stubs

.iplt           0x0000000008003e68        0x0
 .iplt          0x0000000008003e68        0x0 /usr/lib/gcc/arm-none-eabi/4.8/armv7e-m/softfp/crtbegin.o

.rodata         0x0000000008003e68       0xe8
                0x0000000008003e68                . = ALIGN (0x4)
 *(.rodata)
 .rodata        0x0000000008003e68       0x30 build/main.o
 *(.rodata*)
 .rodata.GPIO_PIN
                0x0000000008003e98        0x4 build/stm32f429i_discovery.o
                0x0000000008003e98                GPIO_PIN
 .rodata.flagBitshiftOffset.7403
                0x0000000008003e9c        0x8 build/stm32f4xx_hal_dma.o
 .rodata.APBAHBPrescTable
                0x0000000008003ea4       0x10 build/stm32f4xx_hal_rcc.o
                0x0000000008003ea4                APBAHBPrescTable
 .rodata.str1.1
                0x0000000008003eb4        0x2 /usr/lib/gcc/arm-none-eabi/4.8/../../../arm-none-eabi/lib/armv7e-m/softfp/libc_nano.a(lib_a-impure.o)
 *fill*         0x0000000008003eb6        0x2 
 .rodata._global_impure_ptr
                0x0000000008003eb8        0x4 /usr/lib/gcc/arm-none-eabi/4.8/../../../arm-none-eabi/lib/armv7e-m/softfp/libc_nano.a(lib_a-impure.o)
                0x0000000008003eb8                _global_impure_ptr
 .rodata.__sf_fake_stdin
                0x0000000008003ebc       0x20 /usr/lib/gcc/arm-none-eabi/4.8/../../../arm-none-eabi/lib/armv7e-m/softfp/libc_nano.a(lib_a-findfp.o)
                0x0000000008003ebc                __sf_fake_stdin
 .rodata.__sf_fake_stdout
                0x0000000008003edc       0x20 /usr/lib/gcc/arm-none-eabi/4.8/../../../arm-none-eabi/lib/armv7e-m/softfp/libc_nano.a(lib_a-findfp.o)
                0x0000000008003edc                __sf_fake_stdout
 .rodata.__sf_fake_stderr
                0x0000000008003efc       0x20 /usr/lib/gcc/arm-none-eabi/4.8/../../../arm-none-eabi/lib/armv7e-m/softfp/libc_nano.a(lib_a-findfp.o)
                0x0000000008003efc                __sf_fake_stderr
 .rodata.str1.1
                0x0000000008003f1c       0x11 /usr/lib/gcc/arm-none-eabi/4.8/../../../arm-none-eabi/lib/armv7e-m/softfp/libc_nano.a(lib_a-nano-vfprintf.o)
 .rodata.str1.1
                0x0000000008003f2d       0x22 /usr/lib/gcc/arm-none-eabi/4.8/../../../arm-none-eabi/lib/armv7e-m/softfp/libc_nano.a(lib_a-nano-vfprintf_i.o)
                0x0000000008003f50                . = ALIGN (0x4)
 *fill*         0x0000000008003f4f        0x1 

.rel.dyn        0x0000000008003f50        0x0
 .rel.iplt      0x0000000008003f50        0x0 /usr/lib/gcc/arm-none-eabi/4.8/armv7e-m/softfp/crtbegin.o

.ARM.extab
 *(.ARM.extab* .gnu.linkonce.armextab.*)

.ARM            0x0000000008003f50        0x0
                0x0000000008003f50                __exidx_start = .
 *(.ARM.exidx*)
                0x0000000008003f50                __exidx_end = .

.preinit_array  0x0000000008003f50        0x0
                0x0000000008003f50                PROVIDE (__preinit_array_start, .)
 *(.preinit_array*)
                0x0000000008003f50                PROVIDE (__preinit_array_end, .)

.init_array     0x0000000008003f50        0x4
                0x0000000008003f50                PROVIDE (__init_array_start, .)
 *(SORT(.init_array.*))
 *(.init_array*)
 .init_array    0x0000000008003f50        0x4 /usr/lib/gcc/arm-none-eabi/4.8/armv7e-m/softfp/crtbegin.o
                0x0000000008003f54                PROVIDE (__init_array_end, .)

.fini_array     0x0000000008003f54        0x4
                0x0000000008003f54                PROVIDE (__fini_array_start, .)
 *(SORT(.fini_array.*))
 *(.fini_array*)
 .fini_array    0x0000000008003f54        0x4 /usr/lib/gcc/arm-none-eabi/4.8/armv7e-m/softfp/crtbegin.o
                0x0000000008003f58                PROVIDE (__fini_array_end, .)
                0x0000000008003f58                _sidata = LOADADDR (.data)

.data           0x0000000020000000       0x74 load address 0x0000000008003f58
                0x0000000020000000                . = ALIGN (0x4)
                0x0000000020000000                _sdata = .
 *(.data)
 *(.data*)
 .data.GPIO_PORT
                0x0000000020000000        0x8 build/stm32f429i_discovery.o
                0x0000000020000000                GPIO_PORT
 .data.POWER_CTL
                0x0000000020000008        0x1 build/main.o
                0x0000000020000008                POWER_CTL
 .data.DATA_FORMAT
                0x0000000020000009        0x1 build/main.o
                0x0000000020000009                DATA_FORMAT
 .data.DATAX0   0x000000002000000a        0x1 build/main.o
                0x000000002000000a                DATAX0
 *fill*         0x000000002000000b        0x1 
 .data.SystemCoreClock
                0x000000002000000c        0x4 build/system_stm32f4xx.o
                0x000000002000000c                SystemCoreClock
 .data.impure_data
                0x0000000020000010       0x60 /usr/lib/gcc/arm-none-eabi/4.8/../../../arm-none-eabi/lib/armv7e-m/softfp/libc_nano.a(lib_a-impure.o)
 .data._impure_ptr
                0x0000000020000070        0x4 /usr/lib/gcc/arm-none-eabi/4.8/../../../arm-none-eabi/lib/armv7e-m/softfp/libc_nano.a(lib_a-impure.o)
                0x0000000020000070                _impure_ptr
                0x0000000020000074                . = ALIGN (0x4)
                0x0000000020000074                _edata = .
                0x0000000008003fcc                _siccmram = LOADADDR (.ccmram)

.jcr            0x0000000020000074        0x0 load address 0x0000000008003fcc
 .jcr           0x0000000020000074        0x0 /usr/lib/gcc/arm-none-eabi/4.8/armv7e-m/softfp/crtbegin.o

.tm_clone_table
                0x0000000020000074        0x0 load address 0x0000000008003fcc
 .tm_clone_table
                0x0000000020000074        0x0 /usr/lib/gcc/arm-none-eabi/4.8/armv7e-m/softfp/crtbegin.o
 .tm_clone_table
                0x0000000020000074        0x0 /usr/lib/gcc/arm-none-eabi/4.8/armv7e-m/softfp/crtend.o

.igot.plt       0x0000000020000074        0x0 load address 0x0000000008003fcc
 .igot.plt      0x0000000020000074        0x0 /usr/lib/gcc/arm-none-eabi/4.8/armv7e-m/softfp/crtbegin.o

.ccmram         0x0000000010000000        0x0 load address 0x0000000008003fcc
                0x0000000010000000                . = ALIGN (0x4)
                0x0000000010000000                _sccmram = .
 *(.ccmram)
 *(.ccmram*)
                0x0000000010000000                . = ALIGN (0x4)
                0x0000000010000000                _eccmram = .
                0x0000000010000000                . = ALIGN (0x4)

.bss            0x0000000020000074      0x204
                0x0000000020000074                _sbss = .
                0x0000000020000074                __bss_start__ = _sbss
 *(.bss)
 .bss           0x0000000020000074       0x1c /usr/lib/gcc/arm-none-eabi/4.8/armv7e-m/softfp/crtbegin.o
 *(.bss*)
 .bss.uwTick    0x0000000020000090        0x4 build/stm32f4xx_hal.o
 .bss.aTxBuffer
                0x0000000020000094        0x4 build/main.o
                0x0000000020000094                aTxBuffer
 .bss.hdma_tx.7359
                0x0000000020000098       0x58 build/stm32f4xx_hal_msp.o
 .bss.hdma_rx.7360
                0x00000000200000f0       0x58 build/stm32f4xx_hal_msp.o
 .bss.__malloc_sbrk_start
                0x0000000020000148        0x4 /usr/lib/gcc/arm-none-eabi/4.8/../../../arm-none-eabi/lib/armv7e-m/softfp/libc_nano.a(lib_a-nano-mallocr.o)
                0x0000000020000148                __malloc_sbrk_start
 .bss.__malloc_free_list
                0x000000002000014c        0x4 /usr/lib/gcc/arm-none-eabi/4.8/../../../arm-none-eabi/lib/armv7e-m/softfp/libc_nano.a(lib_a-nano-mallocr.o)
                0x000000002000014c                __malloc_free_list
 .bss.heap_end.5855
                0x0000000020000150        0x4 /usr/lib/gcc/arm-none-eabi/4.8/../../../arm-none-eabi/lib/armv7e-m/softfp/librdimon_nano.a(rdimon-syscalls.o)
 .bss.openfiles
                0x0000000020000154       0xa0 /usr/lib/gcc/arm-none-eabi/4.8/../../../arm-none-eabi/lib/armv7e-m/softfp/librdimon_nano.a(rdimon-syscalls.o)
 *(COMMON)
 COMMON         0x00000000200001f4       0x3c build/stm32f429i_discovery.o
                0x00000000200001f4                I2cHandle
 COMMON         0x0000000020000230       0x43 build/main.o
                0x0000000020000230                UartHandle
                0x0000000020000270                aRxBuffer
 *fill*         0x0000000020000273        0x1 
 COMMON         0x0000000020000274        0x4 /usr/lib/gcc/arm-none-eabi/4.8/../../../arm-none-eabi/lib/armv7e-m/softfp/libc_nano.a(lib_a-reent.o)
                0x0000000020000274                errno
                0x0000000020000278                . = ALIGN (0x4)
                0x0000000020000278                _ebss = .
                0x0000000020000278                __bss_end__ = _ebss

._user_heap_stack
                0x0000000020000278      0x600
                0x0000000020000278                . = ALIGN (0x4)
                0x0000000020000278                PROVIDE (end, .)
                0x0000000020000278                PROVIDE (_end, .)
                0x0000000020000478                . = (. + _Min_Heap_Size)
 *fill*         0x0000000020000278      0x200 
                0x0000000020000878                . = (. + _Min_Stack_Size)
 *fill*         0x0000000020000478      0x400 
                0x0000000020000878                . = ALIGN (0x4)

/DISCARD/
 libc.a(*)
 libm.a(*)
 libgcc.a(*)

.ARM.attributes
                0x0000000000000000       0x2e
 *(.ARM.attributes)
 .ARM.attributes
                0x0000000000000000       0x22 /usr/lib/gcc/arm-none-eabi/4.8/armv7e-m/softfp/crti.o
 .ARM.attributes
                0x0000000000000022       0x32 /usr/lib/gcc/arm-none-eabi/4.8/armv7e-m/softfp/crtbegin.o
 .ARM.attributes
                0x0000000000000054       0x37 build/stm32f429i_discovery.o
 .ARM.attributes
                0x000000000000008b       0x37 build/stm32f4xx_hal.o
 .ARM.attributes
                0x00000000000000c2       0x37 build/stm32f4xx_hal_cortex.o
 .ARM.attributes
                0x00000000000000f9       0x37 build/stm32f4xx_hal_dma.o
 .ARM.attributes
                0x0000000000000130       0x37 build/stm32f4xx_hal_gpio.o
 .ARM.attributes
                0x0000000000000167       0x37 build/stm32f4xx_hal_i2c.o
 .ARM.attributes
                0x000000000000019e       0x37 build/stm32f4xx_hal_pwr_ex.o
 .ARM.attributes
                0x00000000000001d5       0x37 build/stm32f4xx_hal_rcc.o
 .ARM.attributes
                0x000000000000020c       0x37 build/stm32f4xx_hal_uart.o
 .ARM.attributes
                0x0000000000000243       0x37 build/main.o
 .ARM.attributes
                0x000000000000027a       0x37 build/stm32f4xx_hal_msp.o
 .ARM.attributes
                0x00000000000002b1       0x37 build/stm32f4xx_it.o
 .ARM.attributes
                0x00000000000002e8       0x37 build/system_stm32f4xx.o
 .ARM.attributes
                0x000000000000031f       0x21 build/startup_stm32f429xx.o
 .ARM.attributes
                0x0000000000000340       0x32 /usr/lib/gcc/arm-none-eabi/4.8/../../../arm-none-eabi/lib/armv7e-m/softfp/libc_nano.a(lib_a-impure.o)
 .ARM.attributes
                0x0000000000000372       0x32 /usr/lib/gcc/arm-none-eabi/4.8/../../../arm-none-eabi/lib/armv7e-m/softfp/libc_nano.a(lib_a-init.o)
 .ARM.attributes
                0x00000000000003a4       0x32 /usr/lib/gcc/arm-none-eabi/4.8/../../../arm-none-eabi/lib/armv7e-m/softfp/libc_nano.a(lib_a-memset.o)
 .ARM.attributes
                0x00000000000003d6       0x32 /usr/lib/gcc/arm-none-eabi/4.8/../../../arm-none-eabi/lib/armv7e-m/softfp/libc_nano.a(lib_a-printf.o)
 .ARM.attributes
                0x0000000000000408       0x32 /usr/lib/gcc/arm-none-eabi/4.8/../../../arm-none-eabi/lib/armv7e-m/softfp/libc_nano.a(lib_a-findfp.o)
 .ARM.attributes
                0x000000000000043a       0x32 /usr/lib/gcc/arm-none-eabi/4.8/../../../arm-none-eabi/lib/armv7e-m/softfp/libc_nano.a(lib_a-fwalk.o)
 .ARM.attributes
                0x000000000000046c       0x32 /usr/lib/gcc/arm-none-eabi/4.8/../../../arm-none-eabi/lib/armv7e-m/softfp/libc_nano.a(lib_a-nano-mallocr.o)
 .ARM.attributes
                0x000000000000049e       0x32 /usr/lib/gcc/arm-none-eabi/4.8/../../../arm-none-eabi/lib/armv7e-m/softfp/libc_nano.a(lib_a-nano-vfprintf.o)
 .ARM.attributes
                0x00000000000004d0       0x32 /usr/lib/gcc/arm-none-eabi/4.8/../../../arm-none-eabi/lib/armv7e-m/softfp/libc_nano.a(lib_a-sbrkr.o)
 .ARM.attributes
                0x0000000000000502       0x32 /usr/lib/gcc/arm-none-eabi/4.8/../../../arm-none-eabi/lib/armv7e-m/softfp/libc_nano.a(lib_a-stdio.o)
 .ARM.attributes
                0x0000000000000534       0x32 /usr/lib/gcc/arm-none-eabi/4.8/../../../arm-none-eabi/lib/armv7e-m/softfp/libc_nano.a(lib_a-wbuf.o)
 .ARM.attributes
                0x0000000000000566       0x32 /usr/lib/gcc/arm-none-eabi/4.8/../../../arm-none-eabi/lib/armv7e-m/softfp/libc_nano.a(lib_a-writer.o)
 .ARM.attributes
                0x0000000000000598       0x32 /usr/lib/gcc/arm-none-eabi/4.8/../../../arm-none-eabi/lib/armv7e-m/softfp/libc_nano.a(lib_a-wsetup.o)
 .ARM.attributes
                0x00000000000005ca       0x32 /usr/lib/gcc/arm-none-eabi/4.8/../../../arm-none-eabi/lib/armv7e-m/softfp/libc_nano.a(lib_a-closer.o)
 .ARM.attributes
                0x00000000000005fc       0x32 /usr/lib/gcc/arm-none-eabi/4.8/../../../arm-none-eabi/lib/armv7e-m/softfp/libc_nano.a(lib_a-fclose.o)
 .ARM.attributes
                0x000000000000062e       0x32 /usr/lib/gcc/arm-none-eabi/4.8/../../../arm-none-eabi/lib/armv7e-m/softfp/libc_nano.a(lib_a-fflush.o)
 .ARM.attributes
                0x0000000000000660       0x32 /usr/lib/gcc/arm-none-eabi/4.8/../../../arm-none-eabi/lib/armv7e-m/softfp/libc_nano.a(lib_a-lseekr.o)
 .ARM.attributes
                0x0000000000000692       0x32 /usr/lib/gcc/arm-none-eabi/4.8/../../../arm-none-eabi/lib/armv7e-m/softfp/libc_nano.a(lib_a-makebuf.o)
 .ARM.attributes
                0x00000000000006c4       0x32 /usr/lib/gcc/arm-none-eabi/4.8/../../../arm-none-eabi/lib/armv7e-m/softfp/libc_nano.a(lib_a-memchr-stub.o)
 .ARM.attributes
                0x00000000000006f6       0x32 /usr/lib/gcc/arm-none-eabi/4.8/../../../arm-none-eabi/lib/armv7e-m/softfp/libc_nano.a(lib_a-nano-freer.o)
 .ARM.attributes
                0x0000000000000728       0x32 /usr/lib/gcc/arm-none-eabi/4.8/../../../arm-none-eabi/lib/armv7e-m/softfp/libc_nano.a(lib_a-nano-vfprintf_i.o)
 .ARM.attributes
                0x000000000000075a       0x32 /usr/lib/gcc/arm-none-eabi/4.8/../../../arm-none-eabi/lib/armv7e-m/softfp/libc_nano.a(lib_a-readr.o)
 .ARM.attributes
                0x000000000000078c       0x32 /usr/lib/gcc/arm-none-eabi/4.8/../../../arm-none-eabi/lib/armv7e-m/softfp/libc_nano.a(lib_a-reent.o)
 .ARM.attributes
                0x00000000000007be       0x32 /usr/lib/gcc/arm-none-eabi/4.8/../../../arm-none-eabi/lib/armv7e-m/softfp/libc_nano.a(lib_a-strlen.o)
 .ARM.attributes
                0x00000000000007f0       0x32 /usr/lib/gcc/arm-none-eabi/4.8/../../../arm-none-eabi/lib/armv7e-m/softfp/libc_nano.a(lib_a-fstatr.o)
 .ARM.attributes
                0x0000000000000822       0x32 /usr/lib/gcc/arm-none-eabi/4.8/../../../arm-none-eabi/lib/armv7e-m/softfp/libc_nano.a(lib_a-isattyr.o)
 .ARM.attributes
                0x0000000000000854       0x32 /usr/lib/gcc/arm-none-eabi/4.8/../../../arm-none-eabi/lib/armv7e-m/softfp/librdimon_nano.a(rdimon-syscalls.o)
 .ARM.attributes
                0x0000000000000886       0x32 /usr/lib/gcc/arm-none-eabi/4.8/../../../arm-none-eabi/lib/armv7e-m/softfp/libc_nano.a(lib_a-errno.o)
 .ARM.attributes
                0x00000000000008b8       0x32 /usr/lib/gcc/arm-none-eabi/4.8/armv7e-m/softfp/crtend.o
 .ARM.attributes
                0x00000000000008ea       0x22 /usr/lib/gcc/arm-none-eabi/4.8/armv7e-m/softfp/crtn.o
OUTPUT(build/STM32F429I_ITG-3200_ADXL345_DMA.elf elf32-littlearm)

.comment        0x0000000000000000       0x58
 .comment       0x0000000000000000       0x2d /usr/lib/gcc/arm-none-eabi/4.8/armv7e-m/softfp/crtbegin.o
                                         0x2e (size before relaxing)
 .comment       0x000000000000002d       0x2e build/stm32f429i_discovery.o
 .comment       0x000000000000002d       0x2e build/stm32f4xx_hal.o
 .comment       0x000000000000002d       0x2e build/stm32f4xx_hal_cortex.o
 .comment       0x000000000000002d       0x2e build/stm32f4xx_hal_dma.o
 .comment       0x000000000000002d       0x2e build/stm32f4xx_hal_gpio.o
 .comment       0x000000000000002d       0x2e build/stm32f4xx_hal_i2c.o
 .comment       0x000000000000002d       0x2e build/stm32f4xx_hal_pwr_ex.o
 .comment       0x000000000000002d       0x2e build/stm32f4xx_hal_rcc.o
 .comment       0x000000000000002d       0x2e build/stm32f4xx_hal_uart.o
 .comment       0x000000000000002d       0x2e build/main.o
 .comment       0x000000000000002d       0x2e build/stm32f4xx_hal_msp.o
 .comment       0x000000000000002d       0x2e build/stm32f4xx_it.o
 .comment       0x000000000000002d       0x2e build/system_stm32f4xx.o
 .comment       0x000000000000002d       0x2b /usr/lib/gcc/arm-none-eabi/4.8/../../../arm-none-eabi/lib/armv7e-m/softfp/libc_nano.a(lib_a-impure.o)
                                         0x2c (size before relaxing)
 .comment       0x0000000000000058       0x2c /usr/lib/gcc/arm-none-eabi/4.8/../../../arm-none-eabi/lib/armv7e-m/softfp/libc_nano.a(lib_a-init.o)
 .comment       0x0000000000000058       0x2c /usr/lib/gcc/arm-none-eabi/4.8/../../../arm-none-eabi/lib/armv7e-m/softfp/libc_nano.a(lib_a-memset.o)
 .comment       0x0000000000000058       0x2c /usr/lib/gcc/arm-none-eabi/4.8/../../../arm-none-eabi/lib/armv7e-m/softfp/libc_nano.a(lib_a-printf.o)
 .comment       0x0000000000000058       0x2c /usr/lib/gcc/arm-none-eabi/4.8/../../../arm-none-eabi/lib/armv7e-m/softfp/libc_nano.a(lib_a-findfp.o)
 .comment       0x0000000000000058       0x2c /usr/lib/gcc/arm-none-eabi/4.8/../../../arm-none-eabi/lib/armv7e-m/softfp/libc_nano.a(lib_a-fwalk.o)
 .comment       0x0000000000000058       0x2c /usr/lib/gcc/arm-none-eabi/4.8/../../../arm-none-eabi/lib/armv7e-m/softfp/libc_nano.a(lib_a-nano-mallocr.o)
 .comment       0x0000000000000058       0x2c /usr/lib/gcc/arm-none-eabi/4.8/../../../arm-none-eabi/lib/armv7e-m/softfp/libc_nano.a(lib_a-nano-vfprintf.o)
 .comment       0x0000000000000058       0x2c /usr/lib/gcc/arm-none-eabi/4.8/../../../arm-none-eabi/lib/armv7e-m/softfp/libc_nano.a(lib_a-sbrkr.o)
 .comment       0x0000000000000058       0x2c /usr/lib/gcc/arm-none-eabi/4.8/../../../arm-none-eabi/lib/armv7e-m/softfp/libc_nano.a(lib_a-stdio.o)
 .comment       0x0000000000000058       0x2c /usr/lib/gcc/arm-none-eabi/4.8/../../../arm-none-eabi/lib/armv7e-m/softfp/libc_nano.a(lib_a-wbuf.o)
 .comment       0x0000000000000058       0x2c /usr/lib/gcc/arm-none-eabi/4.8/../../../arm-none-eabi/lib/armv7e-m/softfp/libc_nano.a(lib_a-writer.o)
 .comment       0x0000000000000058       0x2c /usr/lib/gcc/arm-none-eabi/4.8/../../../arm-none-eabi/lib/armv7e-m/softfp/libc_nano.a(lib_a-wsetup.o)
 .comment       0x0000000000000058       0x2c /usr/lib/gcc/arm-none-eabi/4.8/../../../arm-none-eabi/lib/armv7e-m/softfp/libc_nano.a(lib_a-closer.o)
 .comment       0x0000000000000058       0x2c /usr/lib/gcc/arm-none-eabi/4.8/../../../arm-none-eabi/lib/armv7e-m/softfp/libc_nano.a(lib_a-fclose.o)
 .comment       0x0000000000000058       0x2c /usr/lib/gcc/arm-none-eabi/4.8/../../../arm-none-eabi/lib/armv7e-m/softfp/libc_nano.a(lib_a-fflush.o)
 .comment       0x0000000000000058       0x2c /usr/lib/gcc/arm-none-eabi/4.8/../../../arm-none-eabi/lib/armv7e-m/softfp/libc_nano.a(lib_a-lseekr.o)
 .comment       0x0000000000000058       0x2c /usr/lib/gcc/arm-none-eabi/4.8/../../../arm-none-eabi/lib/armv7e-m/softfp/libc_nano.a(lib_a-makebuf.o)
 .comment       0x0000000000000058       0x2c /usr/lib/gcc/arm-none-eabi/4.8/../../../arm-none-eabi/lib/armv7e-m/softfp/libc_nano.a(lib_a-memchr-stub.o)
 .comment       0x0000000000000058       0x2c /usr/lib/gcc/arm-none-eabi/4.8/../../../arm-none-eabi/lib/armv7e-m/softfp/libc_nano.a(lib_a-nano-freer.o)
 .comment       0x0000000000000058       0x2c /usr/lib/gcc/arm-none-eabi/4.8/../../../arm-none-eabi/lib/armv7e-m/softfp/libc_nano.a(lib_a-nano-vfprintf_i.o)
 .comment       0x0000000000000058       0x2c /usr/lib/gcc/arm-none-eabi/4.8/../../../arm-none-eabi/lib/armv7e-m/softfp/libc_nano.a(lib_a-readr.o)
 .comment       0x0000000000000058       0x2c /usr/lib/gcc/arm-none-eabi/4.8/../../../arm-none-eabi/lib/armv7e-m/softfp/libc_nano.a(lib_a-reent.o)
 .comment       0x0000000000000058       0x2c /usr/lib/gcc/arm-none-eabi/4.8/../../../arm-none-eabi/lib/armv7e-m/softfp/libc_nano.a(lib_a-strlen.o)
 .comment       0x0000000000000058       0x2c /usr/lib/gcc/arm-none-eabi/4.8/../../../arm-none-eabi/lib/armv7e-m/softfp/libc_nano.a(lib_a-fstatr.o)
 .comment       0x0000000000000058       0x2c /usr/lib/gcc/arm-none-eabi/4.8/../../../arm-none-eabi/lib/armv7e-m/softfp/libc_nano.a(lib_a-isattyr.o)
 .comment       0x0000000000000058       0x2c /usr/lib/gcc/arm-none-eabi/4.8/../../../arm-none-eabi/lib/armv7e-m/softfp/librdimon_nano.a(rdimon-syscalls.o)
 .comment       0x0000000000000058       0x2c /usr/lib/gcc/arm-none-eabi/4.8/../../../arm-none-eabi/lib/armv7e-m/softfp/libc_nano.a(lib_a-errno.o)
 .comment       0x0000000000000058       0x2e /usr/lib/gcc/arm-none-eabi/4.8/armv7e-m/softfp/crtend.o

.debug_info     0x0000000000000000    0x19a30
 .debug_info    0x0000000000000000     0x18ba build/stm32f429i_discovery.o
 .debug_info    0x00000000000018ba      0x9fc build/stm32f4xx_hal.o
 .debug_info    0x00000000000022b6      0xe4e build/stm32f4xx_hal_cortex.o
 .debug_info    0x0000000000003104      0x768 build/stm32f4xx_hal_dma.o
 .debug_info    0x000000000000386c      0x7b6 build/stm32f4xx_hal_gpio.o
 .debug_info    0x0000000000004022     0x1a05 build/stm32f4xx_hal_i2c.o
 .debug_info    0x0000000000005a27      0x8fe build/stm32f4xx_hal_pwr_ex.o
 .debug_info    0x0000000000006325      0xc11 build/stm32f4xx_hal_rcc.o
 .debug_info    0x0000000000006f36     0x1019 build/stm32f4xx_hal_uart.o
 .debug_info    0x0000000000007f4f      0xeac build/main.o
 .debug_info    0x0000000000008dfb      0xf64 build/stm32f4xx_hal_msp.o
 .debug_info    0x0000000000009d5f      0x905 build/stm32f4xx_it.o
 .debug_info    0x000000000000a664      0x540 build/system_stm32f4xx.o
 .debug_info    0x000000000000aba4       0xb7 build/startup_stm32f429xx.o
 .debug_info    0x000000000000ac5b      0x7d3 /usr/lib/gcc/arm-none-eabi/4.8/../../../arm-none-eabi/lib/armv7e-m/softfp/libc_nano.a(lib_a-impure.o)
 .debug_info    0x000000000000b42e      0x105 /usr/lib/gcc/arm-none-eabi/4.8/../../../arm-none-eabi/lib/armv7e-m/softfp/libc_nano.a(lib_a-init.o)
 .debug_info    0x000000000000b533       0xd3 /usr/lib/gcc/arm-none-eabi/4.8/../../../arm-none-eabi/lib/armv7e-m/softfp/libc_nano.a(lib_a-memset.o)
 .debug_info    0x000000000000b606      0x895 /usr/lib/gcc/arm-none-eabi/4.8/../../../arm-none-eabi/lib/armv7e-m/softfp/libc_nano.a(lib_a-printf.o)
 .debug_info    0x000000000000be9b      0xd2c /usr/lib/gcc/arm-none-eabi/4.8/../../../arm-none-eabi/lib/armv7e-m/softfp/libc_nano.a(lib_a-findfp.o)
 .debug_info    0x000000000000cbc7      0x846 /usr/lib/gcc/arm-none-eabi/4.8/../../../arm-none-eabi/lib/armv7e-m/softfp/libc_nano.a(lib_a-fwalk.o)
 .debug_info    0x000000000000d40d      0x8fb /usr/lib/gcc/arm-none-eabi/4.8/../../../arm-none-eabi/lib/armv7e-m/softfp/libc_nano.a(lib_a-nano-mallocr.o)
 .debug_info    0x000000000000dd08      0xe05 /usr/lib/gcc/arm-none-eabi/4.8/../../../arm-none-eabi/lib/armv7e-m/softfp/libc_nano.a(lib_a-nano-vfprintf.o)
 .debug_info    0x000000000000eb0d      0x7a0 /usr/lib/gcc/arm-none-eabi/4.8/../../../arm-none-eabi/lib/armv7e-m/softfp/libc_nano.a(lib_a-sbrkr.o)
 .debug_info    0x000000000000f2ad      0xa36 /usr/lib/gcc/arm-none-eabi/4.8/../../../arm-none-eabi/lib/armv7e-m/softfp/libc_nano.a(lib_a-stdio.o)
 .debug_info    0x000000000000fce3      0x916 /usr/lib/gcc/arm-none-eabi/4.8/../../../arm-none-eabi/lib/armv7e-m/softfp/libc_nano.a(lib_a-wbuf.o)
 .debug_info    0x00000000000105f9      0x7d5 /usr/lib/gcc/arm-none-eabi/4.8/../../../arm-none-eabi/lib/armv7e-m/softfp/libc_nano.a(lib_a-writer.o)
 .debug_info    0x0000000000010dce      0x881 /usr/lib/gcc/arm-none-eabi/4.8/../../../arm-none-eabi/lib/armv7e-m/softfp/libc_nano.a(lib_a-wsetup.o)
 .debug_info    0x000000000001164f      0x78c /usr/lib/gcc/arm-none-eabi/4.8/../../../arm-none-eabi/lib/armv7e-m/softfp/libc_nano.a(lib_a-closer.o)
 .debug_info    0x0000000000011ddb      0x932 /usr/lib/gcc/arm-none-eabi/4.8/../../../arm-none-eabi/lib/armv7e-m/softfp/libc_nano.a(lib_a-fclose.o)
 .debug_info    0x000000000001270d      0x9fe /usr/lib/gcc/arm-none-eabi/4.8/../../../arm-none-eabi/lib/armv7e-m/softfp/libc_nano.a(lib_a-fflush.o)
 .debug_info    0x000000000001310b      0x7b8 /usr/lib/gcc/arm-none-eabi/4.8/../../../arm-none-eabi/lib/armv7e-m/softfp/libc_nano.a(lib_a-lseekr.o)
 .debug_info    0x00000000000138c3      0x98c /usr/lib/gcc/arm-none-eabi/4.8/../../../arm-none-eabi/lib/armv7e-m/softfp/libc_nano.a(lib_a-makebuf.o)
 .debug_info    0x000000000001424f       0xf8 /usr/lib/gcc/arm-none-eabi/4.8/../../../arm-none-eabi/lib/armv7e-m/softfp/libc_nano.a(lib_a-memchr-stub.o)
 .debug_info    0x0000000000014347      0x81a /usr/lib/gcc/arm-none-eabi/4.8/../../../arm-none-eabi/lib/armv7e-m/softfp/libc_nano.a(lib_a-nano-freer.o)
 .debug_info    0x0000000000014b61      0xb2c /usr/lib/gcc/arm-none-eabi/4.8/../../../arm-none-eabi/lib/armv7e-m/softfp/libc_nano.a(lib_a-nano-vfprintf_i.o)
 .debug_info    0x000000000001568d      0x7ce /usr/lib/gcc/arm-none-eabi/4.8/../../../arm-none-eabi/lib/armv7e-m/softfp/libc_nano.a(lib_a-readr.o)
 .debug_info    0x0000000000015e5b      0x8f7 /usr/lib/gcc/arm-none-eabi/4.8/../../../arm-none-eabi/lib/armv7e-m/softfp/libc_nano.a(lib_a-reent.o)
 .debug_info    0x0000000000016752       0xcd /usr/lib/gcc/arm-none-eabi/4.8/../../../arm-none-eabi/lib/armv7e-m/softfp/libc_nano.a(lib_a-strlen.o)
 .debug_info    0x000000000001681f      0x90a /usr/lib/gcc/arm-none-eabi/4.8/../../../arm-none-eabi/lib/armv7e-m/softfp/libc_nano.a(lib_a-fstatr.o)
 .debug_info    0x0000000000017129      0x78c /usr/lib/gcc/arm-none-eabi/4.8/../../../arm-none-eabi/lib/armv7e-m/softfp/libc_nano.a(lib_a-isattyr.o)
 .debug_info    0x00000000000178b5     0x1a46 /usr/lib/gcc/arm-none-eabi/4.8/../../../arm-none-eabi/lib/armv7e-m/softfp/librdimon_nano.a(rdimon-syscalls.o)
 .debug_info    0x00000000000192fb      0x735 /usr/lib/gcc/arm-none-eabi/4.8/../../../arm-none-eabi/lib/armv7e-m/softfp/libc_nano.a(lib_a-errno.o)

.debug_abbrev   0x0000000000000000     0x4a04
 .debug_abbrev  0x0000000000000000      0x24c build/stm32f429i_discovery.o
 .debug_abbrev  0x000000000000024c      0x1f0 build/stm32f4xx_hal.o
 .debug_abbrev  0x000000000000043c      0x2a2 build/stm32f4xx_hal_cortex.o
 .debug_abbrev  0x00000000000006de      0x206 build/stm32f4xx_hal_dma.o
 .debug_abbrev  0x00000000000008e4      0x1ac build/stm32f4xx_hal_gpio.o
 .debug_abbrev  0x0000000000000a90      0x1ec build/stm32f4xx_hal_i2c.o
 .debug_abbrev  0x0000000000000c7c      0x1fa build/stm32f4xx_hal_pwr_ex.o
 .debug_abbrev  0x0000000000000e76      0x296 build/stm32f4xx_hal_rcc.o
 .debug_abbrev  0x000000000000110c      0x217 build/stm32f4xx_hal_uart.o
 .debug_abbrev  0x0000000000001323      0x240 build/main.o
 .debug_abbrev  0x0000000000001563      0x18f build/stm32f4xx_hal_msp.o
 .debug_abbrev  0x00000000000016f2      0x12b build/stm32f4xx_it.o
 .debug_abbrev  0x000000000000181d      0x103 build/system_stm32f4xx.o
 .debug_abbrev  0x0000000000001920       0x12 build/startup_stm32f429xx.o
 .debug_abbrev  0x0000000000001932      0x136 /usr/lib/gcc/arm-none-eabi/4.8/../../../arm-none-eabi/lib/armv7e-m/softfp/libc_nano.a(lib_a-impure.o)
 .debug_abbrev  0x0000000000001a68       0xba /usr/lib/gcc/arm-none-eabi/4.8/../../../arm-none-eabi/lib/armv7e-m/softfp/libc_nano.a(lib_a-init.o)
 .debug_abbrev  0x0000000000001b22       0x8e /usr/lib/gcc/arm-none-eabi/4.8/../../../arm-none-eabi/lib/armv7e-m/softfp/libc_nano.a(lib_a-memset.o)
 .debug_abbrev  0x0000000000001bb0      0x1ec /usr/lib/gcc/arm-none-eabi/4.8/../../../arm-none-eabi/lib/armv7e-m/softfp/libc_nano.a(lib_a-printf.o)
 .debug_abbrev  0x0000000000001d9c      0x2d7 /usr/lib/gcc/arm-none-eabi/4.8/../../../arm-none-eabi/lib/armv7e-m/softfp/libc_nano.a(lib_a-findfp.o)
 .debug_abbrev  0x0000000000002073      0x176 /usr/lib/gcc/arm-none-eabi/4.8/../../../arm-none-eabi/lib/armv7e-m/softfp/libc_nano.a(lib_a-fwalk.o)
 .debug_abbrev  0x00000000000021e9      0x250 /usr/lib/gcc/arm-none-eabi/4.8/../../../arm-none-eabi/lib/armv7e-m/softfp/libc_nano.a(lib_a-nano-mallocr.o)
 .debug_abbrev  0x0000000000002439      0x2a5 /usr/lib/gcc/arm-none-eabi/4.8/../../../arm-none-eabi/lib/armv7e-m/softfp/libc_nano.a(lib_a-nano-vfprintf.o)
 .debug_abbrev  0x00000000000026de      0x1a2 /usr/lib/gcc/arm-none-eabi/4.8/../../../arm-none-eabi/lib/armv7e-m/softfp/libc_nano.a(lib_a-sbrkr.o)
 .debug_abbrev  0x0000000000002880      0x1eb /usr/lib/gcc/arm-none-eabi/4.8/../../../arm-none-eabi/lib/armv7e-m/softfp/libc_nano.a(lib_a-stdio.o)
 .debug_abbrev  0x0000000000002a6b      0x1f7 /usr/lib/gcc/arm-none-eabi/4.8/../../../arm-none-eabi/lib/armv7e-m/softfp/libc_nano.a(lib_a-wbuf.o)
 .debug_abbrev  0x0000000000002c62      0x199 /usr/lib/gcc/arm-none-eabi/4.8/../../../arm-none-eabi/lib/armv7e-m/softfp/libc_nano.a(lib_a-writer.o)
 .debug_abbrev  0x0000000000002dfb      0x1a5 /usr/lib/gcc/arm-none-eabi/4.8/../../../arm-none-eabi/lib/armv7e-m/softfp/libc_nano.a(lib_a-wsetup.o)
 .debug_abbrev  0x0000000000002fa0      0x194 /usr/lib/gcc/arm-none-eabi/4.8/../../../arm-none-eabi/lib/armv7e-m/softfp/libc_nano.a(lib_a-closer.o)
 .debug_abbrev  0x0000000000003134      0x21a /usr/lib/gcc/arm-none-eabi/4.8/../../../arm-none-eabi/lib/armv7e-m/softfp/libc_nano.a(lib_a-fclose.o)
 .debug_abbrev  0x000000000000334e      0x23f /usr/lib/gcc/arm-none-eabi/4.8/../../../arm-none-eabi/lib/armv7e-m/softfp/libc_nano.a(lib_a-fflush.o)
 .debug_abbrev  0x000000000000358d      0x1a3 /usr/lib/gcc/arm-none-eabi/4.8/../../../arm-none-eabi/lib/armv7e-m/softfp/libc_nano.a(lib_a-lseekr.o)
 .debug_abbrev  0x0000000000003730      0x1ab /usr/lib/gcc/arm-none-eabi/4.8/../../../arm-none-eabi/lib/armv7e-m/softfp/libc_nano.a(lib_a-makebuf.o)
 .debug_abbrev  0x00000000000038db       0xab /usr/lib/gcc/arm-none-eabi/4.8/../../../arm-none-eabi/lib/armv7e-m/softfp/libc_nano.a(lib_a-memchr-stub.o)
 .debug_abbrev  0x0000000000003986      0x1b6 /usr/lib/gcc/arm-none-eabi/4.8/../../../arm-none-eabi/lib/armv7e-m/softfp/libc_nano.a(lib_a-nano-freer.o)
 .debug_abbrev  0x0000000000003b3c      0x1e2 /usr/lib/gcc/arm-none-eabi/4.8/../../../arm-none-eabi/lib/armv7e-m/softfp/libc_nano.a(lib_a-nano-vfprintf_i.o)
 .debug_abbrev  0x0000000000003d1e      0x194 /usr/lib/gcc/arm-none-eabi/4.8/../../../arm-none-eabi/lib/armv7e-m/softfp/libc_nano.a(lib_a-readr.o)
 .debug_abbrev  0x0000000000003eb2      0x1fb /usr/lib/gcc/arm-none-eabi/4.8/../../../arm-none-eabi/lib/armv7e-m/softfp/libc_nano.a(lib_a-reent.o)
 .debug_abbrev  0x00000000000040ad       0x8c /usr/lib/gcc/arm-none-eabi/4.8/../../../arm-none-eabi/lib/armv7e-m/softfp/libc_nano.a(lib_a-strlen.o)
 .debug_abbrev  0x0000000000004139      0x1a3 /usr/lib/gcc/arm-none-eabi/4.8/../../../arm-none-eabi/lib/armv7e-m/softfp/libc_nano.a(lib_a-fstatr.o)
 .debug_abbrev  0x00000000000042dc      0x194 /usr/lib/gcc/arm-none-eabi/4.8/../../../arm-none-eabi/lib/armv7e-m/softfp/libc_nano.a(lib_a-isattyr.o)
 .debug_abbrev  0x0000000000004470      0x460 /usr/lib/gcc/arm-none-eabi/4.8/../../../arm-none-eabi/lib/armv7e-m/softfp/librdimon_nano.a(rdimon-syscalls.o)
 .debug_abbrev  0x00000000000048d0      0x134 /usr/lib/gcc/arm-none-eabi/4.8/../../../arm-none-eabi/lib/armv7e-m/softfp/libc_nano.a(lib_a-errno.o)

.debug_loc      0x0000000000000000     0x6225
 .debug_loc     0x0000000000000000      0x78c build/stm32f429i_discovery.o
 .debug_loc     0x000000000000078c      0x43c build/stm32f4xx_hal.o
 .debug_loc     0x0000000000000bc8      0x648 build/stm32f4xx_hal_cortex.o
 .debug_loc     0x0000000000001210      0x268 build/stm32f4xx_hal_dma.o
 .debug_loc     0x0000000000001478      0x1c0 build/stm32f4xx_hal_gpio.o
 .debug_loc     0x0000000000001638      0xcb0 build/stm32f4xx_hal_i2c.o
 .debug_loc     0x00000000000022e8      0x1ec build/stm32f4xx_hal_pwr_ex.o
 .debug_loc     0x00000000000024d4      0x2d6 build/stm32f4xx_hal_rcc.o
 .debug_loc     0x00000000000027aa      0x888 build/stm32f4xx_hal_uart.o
 .debug_loc     0x0000000000003032      0x1b6 build/main.o
 .debug_loc     0x00000000000031e8       0xe0 build/stm32f4xx_hal_msp.o
 .debug_loc     0x00000000000032c8      0x268 build/stm32f4xx_it.o
 .debug_loc     0x0000000000003530       0x64 build/system_stm32f4xx.o
 .debug_loc     0x0000000000003594       0x54 /usr/lib/gcc/arm-none-eabi/4.8/../../../arm-none-eabi/lib/armv7e-m/softfp/libc_nano.a(lib_a-init.o)
 .debug_loc     0x00000000000035e8       0x57 /usr/lib/gcc/arm-none-eabi/4.8/../../../arm-none-eabi/lib/armv7e-m/softfp/libc_nano.a(lib_a-memset.o)
 .debug_loc     0x000000000000363f       0x3f /usr/lib/gcc/arm-none-eabi/4.8/../../../arm-none-eabi/lib/armv7e-m/softfp/libc_nano.a(lib_a-printf.o)
 .debug_loc     0x000000000000367e      0x1e2 /usr/lib/gcc/arm-none-eabi/4.8/../../../arm-none-eabi/lib/armv7e-m/softfp/libc_nano.a(lib_a-findfp.o)
 .debug_loc     0x0000000000003860      0x11f /usr/lib/gcc/arm-none-eabi/4.8/../../../arm-none-eabi/lib/armv7e-m/softfp/libc_nano.a(lib_a-fwalk.o)
 .debug_loc     0x000000000000397f      0x26a /usr/lib/gcc/arm-none-eabi/4.8/../../../arm-none-eabi/lib/armv7e-m/softfp/libc_nano.a(lib_a-nano-mallocr.o)
 .debug_loc     0x0000000000003be9      0x4d0 /usr/lib/gcc/arm-none-eabi/4.8/../../../arm-none-eabi/lib/armv7e-m/softfp/libc_nano.a(lib_a-nano-vfprintf.o)
 .debug_loc     0x00000000000040b9       0x4d /usr/lib/gcc/arm-none-eabi/4.8/../../../arm-none-eabi/lib/armv7e-m/softfp/libc_nano.a(lib_a-sbrkr.o)
 .debug_loc     0x0000000000004106      0x236 /usr/lib/gcc/arm-none-eabi/4.8/../../../arm-none-eabi/lib/armv7e-m/softfp/libc_nano.a(lib_a-stdio.o)
 .debug_loc     0x000000000000433c      0x11e /usr/lib/gcc/arm-none-eabi/4.8/../../../arm-none-eabi/lib/armv7e-m/softfp/libc_nano.a(lib_a-wbuf.o)
 .debug_loc     0x000000000000445a       0xa5 /usr/lib/gcc/arm-none-eabi/4.8/../../../arm-none-eabi/lib/armv7e-m/softfp/libc_nano.a(lib_a-writer.o)
 .debug_loc     0x00000000000044ff       0x5d /usr/lib/gcc/arm-none-eabi/4.8/../../../arm-none-eabi/lib/armv7e-m/softfp/libc_nano.a(lib_a-wsetup.o)
 .debug_loc     0x000000000000455c       0x4d /usr/lib/gcc/arm-none-eabi/4.8/../../../arm-none-eabi/lib/armv7e-m/softfp/libc_nano.a(lib_a-closer.o)
 .debug_loc     0x00000000000045a9       0xf7 /usr/lib/gcc/arm-none-eabi/4.8/../../../arm-none-eabi/lib/armv7e-m/softfp/libc_nano.a(lib_a-fclose.o)
 .debug_loc     0x00000000000046a0      0x24c /usr/lib/gcc/arm-none-eabi/4.8/../../../arm-none-eabi/lib/armv7e-m/softfp/libc_nano.a(lib_a-fflush.o)
 .debug_loc     0x00000000000048ec       0xa5 /usr/lib/gcc/arm-none-eabi/4.8/../../../arm-none-eabi/lib/armv7e-m/softfp/libc_nano.a(lib_a-lseekr.o)
 .debug_loc     0x0000000000004991       0xee /usr/lib/gcc/arm-none-eabi/4.8/../../../arm-none-eabi/lib/armv7e-m/softfp/libc_nano.a(lib_a-makebuf.o)
 .debug_loc     0x0000000000004a7f       0xaa /usr/lib/gcc/arm-none-eabi/4.8/../../../arm-none-eabi/lib/armv7e-m/softfp/libc_nano.a(lib_a-memchr-stub.o)
 .debug_loc     0x0000000000004b29      0x172 /usr/lib/gcc/arm-none-eabi/4.8/../../../arm-none-eabi/lib/armv7e-m/softfp/libc_nano.a(lib_a-nano-freer.o)
 .debug_loc     0x0000000000004c9b      0x538 /usr/lib/gcc/arm-none-eabi/4.8/../../../arm-none-eabi/lib/armv7e-m/softfp/libc_nano.a(lib_a-nano-vfprintf_i.o)
 .debug_loc     0x00000000000051d3       0xa5 /usr/lib/gcc/arm-none-eabi/4.8/../../../arm-none-eabi/lib/armv7e-m/softfp/libc_nano.a(lib_a-readr.o)
 .debug_loc     0x0000000000005278      0x105 /usr/lib/gcc/arm-none-eabi/4.8/../../../arm-none-eabi/lib/armv7e-m/softfp/libc_nano.a(lib_a-reent.o)
 .debug_loc     0x000000000000537d       0x21 /usr/lib/gcc/arm-none-eabi/4.8/../../../arm-none-eabi/lib/armv7e-m/softfp/libc_nano.a(lib_a-strlen.o)
 .debug_loc     0x000000000000539e       0x79 /usr/lib/gcc/arm-none-eabi/4.8/../../../arm-none-eabi/lib/armv7e-m/softfp/libc_nano.a(lib_a-fstatr.o)
 .debug_loc     0x0000000000005417       0x4d /usr/lib/gcc/arm-none-eabi/4.8/../../../arm-none-eabi/lib/armv7e-m/softfp/libc_nano.a(lib_a-isattyr.o)
 .debug_loc     0x0000000000005464      0xdc1 /usr/lib/gcc/arm-none-eabi/4.8/../../../arm-none-eabi/lib/armv7e-m/softfp/librdimon_nano.a(rdimon-syscalls.o)

.debug_aranges  0x0000000000000000      0xe90
 .debug_aranges
                0x0000000000000000      0x138 build/stm32f429i_discovery.o
 .debug_aranges
                0x0000000000000138       0xd0 build/stm32f4xx_hal.o
 .debug_aranges
                0x0000000000000208      0x108 build/stm32f4xx_hal_cortex.o
 .debug_aranges
                0x0000000000000310       0x70 build/stm32f4xx_hal_dma.o
 .debug_aranges
                0x0000000000000380       0x58 build/stm32f4xx_hal_gpio.o
 .debug_aranges
                0x00000000000003d8      0x1e8 build/stm32f4xx_hal_i2c.o
 .debug_aranges
                0x00000000000005c0       0x60 build/stm32f4xx_hal_pwr_ex.o
 .debug_aranges
                0x0000000000000620       0x88 build/stm32f4xx_hal_rcc.o
 .debug_aranges
                0x00000000000006a8      0x150 build/stm32f4xx_hal_uart.o
 .debug_aranges
                0x00000000000007f8       0x58 build/main.o
 .debug_aranges
                0x0000000000000850       0x38 build/stm32f4xx_hal_msp.o
 .debug_aranges
                0x0000000000000888       0x88 build/stm32f4xx_it.o
 .debug_aranges
                0x0000000000000910       0x28 build/system_stm32f4xx.o
 .debug_aranges
                0x0000000000000938       0x28 build/startup_stm32f429xx.o
 .debug_aranges
                0x0000000000000960       0x18 /usr/lib/gcc/arm-none-eabi/4.8/../../../arm-none-eabi/lib/armv7e-m/softfp/libc_nano.a(lib_a-impure.o)
 .debug_aranges
                0x0000000000000978       0x20 /usr/lib/gcc/arm-none-eabi/4.8/../../../arm-none-eabi/lib/armv7e-m/softfp/libc_nano.a(lib_a-init.o)
 .debug_aranges
                0x0000000000000998       0x20 /usr/lib/gcc/arm-none-eabi/4.8/../../../arm-none-eabi/lib/armv7e-m/softfp/libc_nano.a(lib_a-memset.o)
 .debug_aranges
                0x00000000000009b8       0x28 /usr/lib/gcc/arm-none-eabi/4.8/../../../arm-none-eabi/lib/armv7e-m/softfp/libc_nano.a(lib_a-printf.o)
 .debug_aranges
                0x00000000000009e0       0x88 /usr/lib/gcc/arm-none-eabi/4.8/../../../arm-none-eabi/lib/armv7e-m/softfp/libc_nano.a(lib_a-findfp.o)
 .debug_aranges
                0x0000000000000a68       0x28 /usr/lib/gcc/arm-none-eabi/4.8/../../../arm-none-eabi/lib/armv7e-m/softfp/libc_nano.a(lib_a-fwalk.o)
 .debug_aranges
                0x0000000000000a90       0x20 /usr/lib/gcc/arm-none-eabi/4.8/../../../arm-none-eabi/lib/armv7e-m/softfp/libc_nano.a(lib_a-nano-mallocr.o)
 .debug_aranges
                0x0000000000000ab0       0x40 /usr/lib/gcc/arm-none-eabi/4.8/../../../arm-none-eabi/lib/armv7e-m/softfp/libc_nano.a(lib_a-nano-vfprintf.o)
 .debug_aranges
                0x0000000000000af0       0x20 /usr/lib/gcc/arm-none-eabi/4.8/../../../arm-none-eabi/lib/armv7e-m/softfp/libc_nano.a(lib_a-sbrkr.o)
 .debug_aranges
                0x0000000000000b10       0x40 /usr/lib/gcc/arm-none-eabi/4.8/../../../arm-none-eabi/lib/armv7e-m/softfp/libc_nano.a(lib_a-stdio.o)
 .debug_aranges
                0x0000000000000b50       0x28 /usr/lib/gcc/arm-none-eabi/4.8/../../../arm-none-eabi/lib/armv7e-m/softfp/libc_nano.a(lib_a-wbuf.o)
 .debug_aranges
                0x0000000000000b78       0x20 /usr/lib/gcc/arm-none-eabi/4.8/../../../arm-none-eabi/lib/armv7e-m/softfp/libc_nano.a(lib_a-writer.o)
 .debug_aranges
                0x0000000000000b98       0x20 /usr/lib/gcc/arm-none-eabi/4.8/../../../arm-none-eabi/lib/armv7e-m/softfp/libc_nano.a(lib_a-wsetup.o)
 .debug_aranges
                0x0000000000000bb8       0x20 /usr/lib/gcc/arm-none-eabi/4.8/../../../arm-none-eabi/lib/armv7e-m/softfp/libc_nano.a(lib_a-closer.o)
 .debug_aranges
                0x0000000000000bd8       0x28 /usr/lib/gcc/arm-none-eabi/4.8/../../../arm-none-eabi/lib/armv7e-m/softfp/libc_nano.a(lib_a-fclose.o)
 .debug_aranges
                0x0000000000000c00       0x30 /usr/lib/gcc/arm-none-eabi/4.8/../../../arm-none-eabi/lib/armv7e-m/softfp/libc_nano.a(lib_a-fflush.o)
 .debug_aranges
                0x0000000000000c30       0x20 /usr/lib/gcc/arm-none-eabi/4.8/../../../arm-none-eabi/lib/armv7e-m/softfp/libc_nano.a(lib_a-lseekr.o)
 .debug_aranges
                0x0000000000000c50       0x20 /usr/lib/gcc/arm-none-eabi/4.8/../../../arm-none-eabi/lib/armv7e-m/softfp/libc_nano.a(lib_a-makebuf.o)
 .debug_aranges
                0x0000000000000c70       0x20 /usr/lib/gcc/arm-none-eabi/4.8/../../../arm-none-eabi/lib/armv7e-m/softfp/libc_nano.a(lib_a-memchr-stub.o)
 .debug_aranges
                0x0000000000000c90       0x20 /usr/lib/gcc/arm-none-eabi/4.8/../../../arm-none-eabi/lib/armv7e-m/softfp/libc_nano.a(lib_a-nano-freer.o)
 .debug_aranges
                0x0000000000000cb0       0x28 /usr/lib/gcc/arm-none-eabi/4.8/../../../arm-none-eabi/lib/armv7e-m/softfp/libc_nano.a(lib_a-nano-vfprintf_i.o)
 .debug_aranges
                0x0000000000000cd8       0x20 /usr/lib/gcc/arm-none-eabi/4.8/../../../arm-none-eabi/lib/armv7e-m/softfp/libc_nano.a(lib_a-readr.o)
 .debug_aranges
                0x0000000000000cf8       0x28 /usr/lib/gcc/arm-none-eabi/4.8/../../../arm-none-eabi/lib/armv7e-m/softfp/libc_nano.a(lib_a-reent.o)
 .debug_aranges
                0x0000000000000d20       0x20 /usr/lib/gcc/arm-none-eabi/4.8/../../../arm-none-eabi/lib/armv7e-m/softfp/libc_nano.a(lib_a-strlen.o)
 .debug_aranges
                0x0000000000000d40       0x20 /usr/lib/gcc/arm-none-eabi/4.8/../../../arm-none-eabi/lib/armv7e-m/softfp/libc_nano.a(lib_a-fstatr.o)
 .debug_aranges
                0x0000000000000d60       0x20 /usr/lib/gcc/arm-none-eabi/4.8/../../../arm-none-eabi/lib/armv7e-m/softfp/libc_nano.a(lib_a-isattyr.o)
 .debug_aranges
                0x0000000000000d80       0xf0 /usr/lib/gcc/arm-none-eabi/4.8/../../../arm-none-eabi/lib/armv7e-m/softfp/librdimon_nano.a(rdimon-syscalls.o)
 .debug_aranges
                0x0000000000000e70       0x20 /usr/lib/gcc/arm-none-eabi/4.8/../../../arm-none-eabi/lib/armv7e-m/softfp/libc_nano.a(lib_a-errno.o)

.debug_ranges   0x0000000000000000      0xd78
 .debug_ranges  0x0000000000000000      0x128 build/stm32f429i_discovery.o
 .debug_ranges  0x0000000000000128       0xc0 build/stm32f4xx_hal.o
 .debug_ranges  0x00000000000001e8       0xf8 build/stm32f4xx_hal_cortex.o
 .debug_ranges  0x00000000000002e0       0x60 build/stm32f4xx_hal_dma.o
 .debug_ranges  0x0000000000000340       0x48 build/stm32f4xx_hal_gpio.o
 .debug_ranges  0x0000000000000388      0x1d8 build/stm32f4xx_hal_i2c.o
 .debug_ranges  0x0000000000000560       0x50 build/stm32f4xx_hal_pwr_ex.o
 .debug_ranges  0x00000000000005b0       0x78 build/stm32f4xx_hal_rcc.o
 .debug_ranges  0x0000000000000628      0x140 build/stm32f4xx_hal_uart.o
 .debug_ranges  0x0000000000000768       0x48 build/main.o
 .debug_ranges  0x00000000000007b0       0x28 build/stm32f4xx_hal_msp.o
 .debug_ranges  0x00000000000007d8       0x78 build/stm32f4xx_it.o
 .debug_ranges  0x0000000000000850       0x18 build/system_stm32f4xx.o
 .debug_ranges  0x0000000000000868       0x20 build/startup_stm32f429xx.o
 .debug_ranges  0x0000000000000888       0x10 /usr/lib/gcc/arm-none-eabi/4.8/../../../arm-none-eabi/lib/armv7e-m/softfp/libc_nano.a(lib_a-init.o)
 .debug_ranges  0x0000000000000898       0x10 /usr/lib/gcc/arm-none-eabi/4.8/../../../arm-none-eabi/lib/armv7e-m/softfp/libc_nano.a(lib_a-memset.o)
 .debug_ranges  0x00000000000008a8       0x18 /usr/lib/gcc/arm-none-eabi/4.8/../../../arm-none-eabi/lib/armv7e-m/softfp/libc_nano.a(lib_a-printf.o)
 .debug_ranges  0x00000000000008c0       0x78 /usr/lib/gcc/arm-none-eabi/4.8/../../../arm-none-eabi/lib/armv7e-m/softfp/libc_nano.a(lib_a-findfp.o)
 .debug_ranges  0x0000000000000938       0x18 /usr/lib/gcc/arm-none-eabi/4.8/../../../arm-none-eabi/lib/armv7e-m/softfp/libc_nano.a(lib_a-fwalk.o)
 .debug_ranges  0x0000000000000950       0x28 /usr/lib/gcc/arm-none-eabi/4.8/../../../arm-none-eabi/lib/armv7e-m/softfp/libc_nano.a(lib_a-nano-mallocr.o)
 .debug_ranges  0x0000000000000978       0x30 /usr/lib/gcc/arm-none-eabi/4.8/../../../arm-none-eabi/lib/armv7e-m/softfp/libc_nano.a(lib_a-nano-vfprintf.o)
 .debug_ranges  0x00000000000009a8       0x10 /usr/lib/gcc/arm-none-eabi/4.8/../../../arm-none-eabi/lib/armv7e-m/softfp/libc_nano.a(lib_a-sbrkr.o)
 .debug_ranges  0x00000000000009b8       0x30 /usr/lib/gcc/arm-none-eabi/4.8/../../../arm-none-eabi/lib/armv7e-m/softfp/libc_nano.a(lib_a-stdio.o)
 .debug_ranges  0x00000000000009e8       0x18 /usr/lib/gcc/arm-none-eabi/4.8/../../../arm-none-eabi/lib/armv7e-m/softfp/libc_nano.a(lib_a-wbuf.o)
 .debug_ranges  0x0000000000000a00       0x10 /usr/lib/gcc/arm-none-eabi/4.8/../../../arm-none-eabi/lib/armv7e-m/softfp/libc_nano.a(lib_a-writer.o)
 .debug_ranges  0x0000000000000a10       0x30 /usr/lib/gcc/arm-none-eabi/4.8/../../../arm-none-eabi/lib/armv7e-m/softfp/libc_nano.a(lib_a-wsetup.o)
 .debug_ranges  0x0000000000000a40       0x10 /usr/lib/gcc/arm-none-eabi/4.8/../../../arm-none-eabi/lib/armv7e-m/softfp/libc_nano.a(lib_a-closer.o)
 .debug_ranges  0x0000000000000a50       0x18 /usr/lib/gcc/arm-none-eabi/4.8/../../../arm-none-eabi/lib/armv7e-m/softfp/libc_nano.a(lib_a-fclose.o)
 .debug_ranges  0x0000000000000a68       0x20 /usr/lib/gcc/arm-none-eabi/4.8/../../../arm-none-eabi/lib/armv7e-m/softfp/libc_nano.a(lib_a-fflush.o)
 .debug_ranges  0x0000000000000a88       0x10 /usr/lib/gcc/arm-none-eabi/4.8/../../../arm-none-eabi/lib/armv7e-m/softfp/libc_nano.a(lib_a-lseekr.o)
 .debug_ranges  0x0000000000000a98       0x10 /usr/lib/gcc/arm-none-eabi/4.8/../../../arm-none-eabi/lib/armv7e-m/softfp/libc_nano.a(lib_a-makebuf.o)
 .debug_ranges  0x0000000000000aa8       0x10 /usr/lib/gcc/arm-none-eabi/4.8/../../../arm-none-eabi/lib/armv7e-m/softfp/libc_nano.a(lib_a-memchr-stub.o)
 .debug_ranges  0x0000000000000ab8       0x28 /usr/lib/gcc/arm-none-eabi/4.8/../../../arm-none-eabi/lib/armv7e-m/softfp/libc_nano.a(lib_a-nano-freer.o)
 .debug_ranges  0x0000000000000ae0       0x18 /usr/lib/gcc/arm-none-eabi/4.8/../../../arm-none-eabi/lib/armv7e-m/softfp/libc_nano.a(lib_a-nano-vfprintf_i.o)
 .debug_ranges  0x0000000000000af8       0x10 /usr/lib/gcc/arm-none-eabi/4.8/../../../arm-none-eabi/lib/armv7e-m/softfp/libc_nano.a(lib_a-readr.o)
 .debug_ranges  0x0000000000000b08       0x30 /usr/lib/gcc/arm-none-eabi/4.8/../../../arm-none-eabi/lib/armv7e-m/softfp/libc_nano.a(lib_a-reent.o)
 .debug_ranges  0x0000000000000b38       0x10 /usr/lib/gcc/arm-none-eabi/4.8/../../../arm-none-eabi/lib/armv7e-m/softfp/libc_nano.a(lib_a-strlen.o)
 .debug_ranges  0x0000000000000b48       0x10 /usr/lib/gcc/arm-none-eabi/4.8/../../../arm-none-eabi/lib/armv7e-m/softfp/libc_nano.a(lib_a-fstatr.o)
 .debug_ranges  0x0000000000000b58       0x10 /usr/lib/gcc/arm-none-eabi/4.8/../../../arm-none-eabi/lib/armv7e-m/softfp/libc_nano.a(lib_a-isattyr.o)
 .debug_ranges  0x0000000000000b68      0x200 /usr/lib/gcc/arm-none-eabi/4.8/../../../arm-none-eabi/lib/armv7e-m/softfp/librdimon_nano.a(rdimon-syscalls.o)
 .debug_ranges  0x0000000000000d68       0x10 /usr/lib/gcc/arm-none-eabi/4.8/../../../arm-none-eabi/lib/armv7e-m/softfp/libc_nano.a(lib_a-errno.o)

.debug_line     0x0000000000000000     0x6d0a
 .debug_line    0x0000000000000000      0x512 build/stm32f429i_discovery.o
 .debug_line    0x0000000000000512      0x349 build/stm32f4xx_hal.o
 .debug_line    0x000000000000085b      0x43e build/stm32f4xx_hal_cortex.o
 .debug_line    0x0000000000000c99      0x34d build/stm32f4xx_hal_dma.o
 .debug_line    0x0000000000000fe6      0x368 build/stm32f4xx_hal_gpio.o
 .debug_line    0x000000000000134e      0xe52 build/stm32f4xx_hal_i2c.o
 .debug_line    0x00000000000021a0      0x301 build/stm32f4xx_hal_pwr_ex.o
 .debug_line    0x00000000000024a1      0x572 build/stm32f4xx_hal_rcc.o
 .debug_line    0x0000000000002a13      0x82b build/stm32f4xx_hal_uart.o
 .debug_line    0x000000000000323e      0x2d5 build/main.o
 .debug_line    0x0000000000003513      0x230 build/stm32f4xx_hal_msp.o
 .debug_line    0x0000000000003743      0x264 build/stm32f4xx_it.o
 .debug_line    0x00000000000039a7      0x123 build/system_stm32f4xx.o
 .debug_line    0x0000000000003aca       0xab build/startup_stm32f429xx.o
 .debug_line    0x0000000000003b75       0xf8 /usr/lib/gcc/arm-none-eabi/4.8/../../../arm-none-eabi/lib/armv7e-m/softfp/libc_nano.a(lib_a-impure.o)
 .debug_line    0x0000000000003c6d       0xb7 /usr/lib/gcc/arm-none-eabi/4.8/../../../arm-none-eabi/lib/armv7e-m/softfp/libc_nano.a(lib_a-init.o)
 .debug_line    0x0000000000003d24       0xf9 /usr/lib/gcc/arm-none-eabi/4.8/../../../arm-none-eabi/lib/armv7e-m/softfp/libc_nano.a(lib_a-memset.o)
 .debug_line    0x0000000000003e1d      0x1a8 /usr/lib/gcc/arm-none-eabi/4.8/../../../arm-none-eabi/lib/armv7e-m/softfp/libc_nano.a(lib_a-printf.o)
 .debug_line    0x0000000000003fc5      0x2d1 /usr/lib/gcc/arm-none-eabi/4.8/../../../arm-none-eabi/lib/armv7e-m/softfp/libc_nano.a(lib_a-findfp.o)
 .debug_line    0x0000000000004296      0x1b4 /usr/lib/gcc/arm-none-eabi/4.8/../../../arm-none-eabi/lib/armv7e-m/softfp/libc_nano.a(lib_a-fwalk.o)
 .debug_line    0x000000000000444a      0x1a8 /usr/lib/gcc/arm-none-eabi/4.8/../../../arm-none-eabi/lib/armv7e-m/softfp/libc_nano.a(lib_a-nano-mallocr.o)
 .debug_line    0x00000000000045f2      0x2d9 /usr/lib/gcc/arm-none-eabi/4.8/../../../arm-none-eabi/lib/armv7e-m/softfp/libc_nano.a(lib_a-nano-vfprintf.o)
 .debug_line    0x00000000000048cb      0x16f /usr/lib/gcc/arm-none-eabi/4.8/../../../arm-none-eabi/lib/armv7e-m/softfp/libc_nano.a(lib_a-sbrkr.o)
 .debug_line    0x0000000000004a3a      0x1db /usr/lib/gcc/arm-none-eabi/4.8/../../../arm-none-eabi/lib/armv7e-m/softfp/libc_nano.a(lib_a-stdio.o)
 .debug_line    0x0000000000004c15      0x1cf /usr/lib/gcc/arm-none-eabi/4.8/../../../arm-none-eabi/lib/armv7e-m/softfp/libc_nano.a(lib_a-wbuf.o)
 .debug_line    0x0000000000004de4      0x16f /usr/lib/gcc/arm-none-eabi/4.8/../../../arm-none-eabi/lib/armv7e-m/softfp/libc_nano.a(lib_a-writer.o)
 .debug_line    0x0000000000004f53      0x1ca /usr/lib/gcc/arm-none-eabi/4.8/../../../arm-none-eabi/lib/armv7e-m/softfp/libc_nano.a(lib_a-wsetup.o)
 .debug_line    0x000000000000511d      0x170 /usr/lib/gcc/arm-none-eabi/4.8/../../../arm-none-eabi/lib/armv7e-m/softfp/libc_nano.a(lib_a-closer.o)
 .debug_line    0x000000000000528d      0x1dd /usr/lib/gcc/arm-none-eabi/4.8/../../../arm-none-eabi/lib/armv7e-m/softfp/libc_nano.a(lib_a-fclose.o)
 .debug_line    0x000000000000546a      0x24e /usr/lib/gcc/arm-none-eabi/4.8/../../../arm-none-eabi/lib/armv7e-m/softfp/libc_nano.a(lib_a-fflush.o)
 .debug_line    0x00000000000056b8      0x16f /usr/lib/gcc/arm-none-eabi/4.8/../../../arm-none-eabi/lib/armv7e-m/softfp/libc_nano.a(lib_a-lseekr.o)
 .debug_line    0x0000000000005827      0x1be /usr/lib/gcc/arm-none-eabi/4.8/../../../arm-none-eabi/lib/armv7e-m/softfp/libc_nano.a(lib_a-makebuf.o)
 .debug_line    0x00000000000059e5      0x110 /usr/lib/gcc/arm-none-eabi/4.8/../../../arm-none-eabi/lib/armv7e-m/softfp/libc_nano.a(lib_a-memchr-stub.o)
 .debug_line    0x0000000000005af5      0x150 /usr/lib/gcc/arm-none-eabi/4.8/../../../arm-none-eabi/lib/armv7e-m/softfp/libc_nano.a(lib_a-nano-freer.o)
 .debug_line    0x0000000000005c45      0x2e9 /usr/lib/gcc/arm-none-eabi/4.8/../../../arm-none-eabi/lib/armv7e-m/softfp/libc_nano.a(lib_a-nano-vfprintf_i.o)
 .debug_line    0x0000000000005f2e      0x16e /usr/lib/gcc/arm-none-eabi/4.8/../../../arm-none-eabi/lib/armv7e-m/softfp/libc_nano.a(lib_a-readr.o)
 .debug_line    0x000000000000609c      0x1ac /usr/lib/gcc/arm-none-eabi/4.8/../../../arm-none-eabi/lib/armv7e-m/softfp/libc_nano.a(lib_a-reent.o)
 .debug_line    0x0000000000006248       0xfc /usr/lib/gcc/arm-none-eabi/4.8/../../../arm-none-eabi/lib/armv7e-m/softfp/libc_nano.a(lib_a-strlen.o)
 .debug_line    0x0000000000006344      0x185 /usr/lib/gcc/arm-none-eabi/4.8/../../../arm-none-eabi/lib/armv7e-m/softfp/libc_nano.a(lib_a-fstatr.o)
 .debug_line    0x00000000000064c9      0x171 /usr/lib/gcc/arm-none-eabi/4.8/../../../arm-none-eabi/lib/armv7e-m/softfp/libc_nano.a(lib_a-isattyr.o)
 .debug_line    0x000000000000663a      0x5be /usr/lib/gcc/arm-none-eabi/4.8/../../../arm-none-eabi/lib/armv7e-m/softfp/librdimon_nano.a(rdimon-syscalls.o)
 .debug_line    0x0000000000006bf8      0x112 /usr/lib/gcc/arm-none-eabi/4.8/../../../arm-none-eabi/lib/armv7e-m/softfp/libc_nano.a(lib_a-errno.o)

.debug_str      0x0000000000000000     0x431c
 .debug_str     0x0000000000000000     0x11cd build/stm32f429i_discovery.o
                                       0x12b0 (size before relaxing)
 .debug_str     0x00000000000011cd      0x29c build/stm32f4xx_hal.o
                                        0xaeb (size before relaxing)
 .debug_str     0x0000000000001469      0x3d2 build/stm32f4xx_hal_cortex.o
                                        0xc46 (size before relaxing)
 .debug_str     0x000000000000183b      0x1a8 build/stm32f4xx_hal_dma.o
                                        0x655 (size before relaxing)
 .debug_str     0x00000000000019e3      0x150 build/stm32f4xx_hal_gpio.o
                                        0x502 (size before relaxing)
 .debug_str     0x0000000000001b33      0x5af build/stm32f4xx_hal_i2c.o
                                        0xc4f (size before relaxing)
 .debug_str     0x00000000000020e2      0x16d build/stm32f4xx_hal_pwr_ex.o
                                        0x501 (size before relaxing)
 .debug_str     0x000000000000224f      0x2c7 build/stm32f4xx_hal_rcc.o
                                        0x6b6 (size before relaxing)
 .debug_str     0x0000000000002516      0x4a2 build/stm32f4xx_hal_uart.o
                                        0xa16 (size before relaxing)
 .debug_str     0x00000000000029b8      0x10d build/main.o
                                        0xb6d (size before relaxing)
 .debug_str     0x0000000000002ac5       0x28 build/stm32f4xx_hal_msp.o
                                        0xee9 (size before relaxing)
 .debug_str     0x0000000000002aed      0x115 build/stm32f4xx_it.o
                                        0x8ca (size before relaxing)
 .debug_str     0x0000000000002c02       0x42 build/system_stm32f4xx.o
                                        0x384 (size before relaxing)
 .debug_str     0x0000000000002c44      0x4d0 /usr/lib/gcc/arm-none-eabi/4.8/../../../arm-none-eabi/lib/armv7e-m/softfp/libc_nano.a(lib_a-impure.o)
                                        0x5c6 (size before relaxing)
 .debug_str     0x0000000000003114      0x109 /usr/lib/gcc/arm-none-eabi/4.8/../../../arm-none-eabi/lib/armv7e-m/softfp/libc_nano.a(lib_a-init.o)
                                        0x27d (size before relaxing)
 .debug_str     0x000000000000321d       0xb0 /usr/lib/gcc/arm-none-eabi/4.8/../../../arm-none-eabi/lib/armv7e-m/softfp/libc_nano.a(lib_a-memset.o)
                                        0x21e (size before relaxing)
 .debug_str     0x00000000000032cd       0xe3 /usr/lib/gcc/arm-none-eabi/4.8/../../../arm-none-eabi/lib/armv7e-m/softfp/libc_nano.a(lib_a-printf.o)
                                        0x5b8 (size before relaxing)
 .debug_str     0x00000000000033b0      0x198 /usr/lib/gcc/arm-none-eabi/4.8/../../../arm-none-eabi/lib/armv7e-m/softfp/libc_nano.a(lib_a-findfp.o)
                                        0x765 (size before relaxing)
 .debug_str     0x0000000000003548       0x3e /usr/lib/gcc/arm-none-eabi/4.8/../../../arm-none-eabi/lib/armv7e-m/softfp/libc_nano.a(lib_a-fwalk.o)
                                        0x58c (size before relaxing)
 .debug_str     0x0000000000003586      0x137 /usr/lib/gcc/arm-none-eabi/4.8/../../../arm-none-eabi/lib/armv7e-m/softfp/libc_nano.a(lib_a-nano-mallocr.o)
                                        0x614 (size before relaxing)
 .debug_str     0x00000000000036bd      0x23a /usr/lib/gcc/arm-none-eabi/4.8/../../../arm-none-eabi/lib/armv7e-m/softfp/libc_nano.a(lib_a-nano-vfprintf.o)
                                        0x75c (size before relaxing)
 .debug_str     0x00000000000038f7       0x3a /usr/lib/gcc/arm-none-eabi/4.8/../../../arm-none-eabi/lib/armv7e-m/softfp/libc_nano.a(lib_a-sbrkr.o)
                                        0x57e (size before relaxing)
 .debug_str     0x0000000000003931       0x8f /usr/lib/gcc/arm-none-eabi/4.8/../../../arm-none-eabi/lib/armv7e-m/softfp/libc_nano.a(lib_a-stdio.o)
                                        0x5e2 (size before relaxing)
 .debug_str     0x00000000000039c0       0x40 /usr/lib/gcc/arm-none-eabi/4.8/../../../arm-none-eabi/lib/armv7e-m/softfp/libc_nano.a(lib_a-wbuf.o)
                                        0x5ea (size before relaxing)
 .debug_str     0x0000000000003a00       0x30 /usr/lib/gcc/arm-none-eabi/4.8/../../../arm-none-eabi/lib/armv7e-m/softfp/libc_nano.a(lib_a-writer.o)
                                        0x57b (size before relaxing)
 .debug_str     0x0000000000003a30       0x45 /usr/lib/gcc/arm-none-eabi/4.8/../../../arm-none-eabi/lib/armv7e-m/softfp/libc_nano.a(lib_a-wsetup.o)
                                        0x5e5 (size before relaxing)
 .debug_str     0x0000000000003a75       0x30 /usr/lib/gcc/arm-none-eabi/4.8/../../../arm-none-eabi/lib/armv7e-m/softfp/libc_nano.a(lib_a-closer.o)
                                        0x56b (size before relaxing)
 .debug_str     0x0000000000003aa5       0x51 /usr/lib/gcc/arm-none-eabi/4.8/../../../arm-none-eabi/lib/armv7e-m/softfp/libc_nano.a(lib_a-fclose.o)
                                        0x613 (size before relaxing)
 .debug_str     0x0000000000003af6       0x48 /usr/lib/gcc/arm-none-eabi/4.8/../../../arm-none-eabi/lib/armv7e-m/softfp/libc_nano.a(lib_a-fflush.o)
                                        0x626 (size before relaxing)
 .debug_str     0x0000000000003b3e       0x37 /usr/lib/gcc/arm-none-eabi/4.8/../../../arm-none-eabi/lib/armv7e-m/softfp/libc_nano.a(lib_a-lseekr.o)
                                        0x579 (size before relaxing)
 .debug_str     0x0000000000003b75      0x118 /usr/lib/gcc/arm-none-eabi/4.8/../../../arm-none-eabi/lib/armv7e-m/softfp/libc_nano.a(lib_a-makebuf.o)
                                        0x689 (size before relaxing)
 .debug_str     0x0000000000003c8d       0xcb /usr/lib/gcc/arm-none-eabi/4.8/../../../arm-none-eabi/lib/armv7e-m/softfp/libc_nano.a(lib_a-memchr-stub.o)
                                        0x240 (size before relaxing)
 .debug_str     0x0000000000003d58       0x24 /usr/lib/gcc/arm-none-eabi/4.8/../../../arm-none-eabi/lib/armv7e-m/softfp/libc_nano.a(lib_a-nano-freer.o)
                                        0x5df (size before relaxing)
 .debug_str     0x0000000000003d7c       0x97 /usr/lib/gcc/arm-none-eabi/4.8/../../../arm-none-eabi/lib/armv7e-m/softfp/libc_nano.a(lib_a-nano-vfprintf_i.o)
                                        0x698 (size before relaxing)
 .debug_str     0x0000000000003e13       0x2f /usr/lib/gcc/arm-none-eabi/4.8/../../../arm-none-eabi/lib/armv7e-m/softfp/libc_nano.a(lib_a-readr.o)
                                        0x579 (size before relaxing)
 .debug_str     0x0000000000003e42       0x5b /usr/lib/gcc/arm-none-eabi/4.8/../../../arm-none-eabi/lib/armv7e-m/softfp/libc_nano.a(lib_a-reent.o)
                                        0x5a6 (size before relaxing)
 .debug_str     0x0000000000003e9d       0x41 /usr/lib/gcc/arm-none-eabi/4.8/../../../arm-none-eabi/lib/armv7e-m/softfp/libc_nano.a(lib_a-strlen.o)
                                        0x233 (size before relaxing)
 .debug_str     0x0000000000003ede       0x3d /usr/lib/gcc/arm-none-eabi/4.8/../../../arm-none-eabi/lib/armv7e-m/softfp/libc_nano.a(lib_a-fstatr.o)
                                        0x65e (size before relaxing)
 .debug_str     0x0000000000003f1b       0x39 /usr/lib/gcc/arm-none-eabi/4.8/../../../arm-none-eabi/lib/armv7e-m/softfp/libc_nano.a(lib_a-isattyr.o)
                                        0x575 (size before relaxing)
 .debug_str     0x0000000000003f54      0x322 /usr/lib/gcc/arm-none-eabi/4.8/../../../arm-none-eabi/lib/armv7e-m/softfp/librdimon_nano.a(rdimon-syscalls.o)
                                        0x859 (size before relaxing)
 .debug_str     0x0000000000004276       0xa6 /usr/lib/gcc/arm-none-eabi/4.8/../../../arm-none-eabi/lib/armv7e-m/softfp/libc_nano.a(lib_a-errno.o)
                                        0x56f (size before relaxing)

.debug_frame    0x0000000000000000     0x290c
 .debug_frame   0x0000000000000000      0x474 build/stm32f429i_discovery.o
 .debug_frame   0x0000000000000474      0x29c build/stm32f4xx_hal.o
 .debug_frame   0x0000000000000710      0x384 build/stm32f4xx_hal_cortex.o
 .debug_frame   0x0000000000000a94      0x160 build/stm32f4xx_hal_dma.o
 .debug_frame   0x0000000000000bf4       0xf4 build/stm32f4xx_hal_gpio.o